[2026-04-10T19:13:28.770+0000] {processor.py:161} INFO - Started process (PID=24) to work on /opt/airflow/dags/covid_pipeline_dag.py
[2026-04-10T19:13:28.771+0000] {processor.py:830} INFO - Processing file /opt/airflow/dags/covid_pipeline_dag.py for tasks to queue
[2026-04-10T19:13:28.773+0000] {logging_mixin.py:188} INFO - [2026-04-10T19:13:28.773+0000] {dagbag.py:545} INFO - Filling up the DagBag from /opt/airflow/dags/covid_pipeline_dag.py
[2026-04-10T19:13:28.799+0000] {processor.py:840} INFO - DAG(s) 'covid_pipeline' retrieved from /opt/airflow/dags/covid_pipeline_dag.py
[2026-04-10T19:13:28.818+0000] {logging_mixin.py:188} INFO - [2026-04-10T19:13:28.818+0000] {dag.py:3096} INFO - Sync 1 DAGs
[2026-04-10T19:13:28.836+0000] {logging_mixin.py:188} INFO - [2026-04-10T19:13:28.836+0000] {dag.py:3954} INFO - Setting next_dagrun for covid_pipeline to 2026-03-29 00:00:00+00:00, run_after=2026-04-05 00:00:00+00:00
[2026-04-10T19:13:28.850+0000] {processor.py:183} INFO - Processing /opt/airflow/dags/covid_pipeline_dag.py took 0.084 seconds
[2026-04-10T19:13:59.035+0000] {processor.py:161} INFO - Started process (PID=26) to work on /opt/airflow/dags/covid_pipeline_dag.py
[2026-04-10T19:13:59.036+0000] {processor.py:830} INFO - Processing file /opt/airflow/dags/covid_pipeline_dag.py for tasks to queue
[2026-04-10T19:13:59.040+0000] {logging_mixin.py:188} INFO - [2026-04-10T19:13:59.039+0000] {dagbag.py:545} INFO - Filling up the DagBag from /opt/airflow/dags/covid_pipeline_dag.py
[2026-04-10T19:13:59.059+0000] {processor.py:840} INFO - DAG(s) 'covid_pipeline' retrieved from /opt/airflow/dags/covid_pipeline_dag.py
[2026-04-10T19:13:59.301+0000] {logging_mixin.py:188} INFO - [2026-04-10T19:13:59.301+0000] {dag.py:3096} INFO - Sync 1 DAGs
[2026-04-10T19:13:59.322+0000] {logging_mixin.py:188} INFO - [2026-04-10T19:13:59.322+0000] {dag.py:3954} INFO - Setting next_dagrun for covid_pipeline to 2026-03-29 00:00:00+00:00, run_after=2026-04-05 00:00:00+00:00
[2026-04-10T19:13:59.338+0000] {processor.py:183} INFO - Processing /opt/airflow/dags/covid_pipeline_dag.py took 0.312 seconds
[2026-04-10T19:14:29.614+0000] {processor.py:161} INFO - Started process (PID=27) to work on /opt/airflow/dags/covid_pipeline_dag.py
[2026-04-10T19:14:29.615+0000] {processor.py:830} INFO - Processing file /opt/airflow/dags/covid_pipeline_dag.py for tasks to queue
[2026-04-10T19:14:29.618+0000] {logging_mixin.py:188} INFO - [2026-04-10T19:14:29.618+0000] {dagbag.py:545} INFO - Filling up the DagBag from /opt/airflow/dags/covid_pipeline_dag.py
[2026-04-10T19:14:29.637+0000] {processor.py:840} INFO - DAG(s) 'covid_pipeline' retrieved from /opt/airflow/dags/covid_pipeline_dag.py
[2026-04-10T19:14:29.691+0000] {logging_mixin.py:188} INFO - [2026-04-10T19:14:29.690+0000] {dag.py:3096} INFO - Sync 1 DAGs
[2026-04-10T19:14:29.721+0000] {logging_mixin.py:188} INFO - [2026-04-10T19:14:29.720+0000] {dag.py:3954} INFO - Setting next_dagrun for covid_pipeline to 2026-03-29 00:00:00+00:00, run_after=2026-04-05 00:00:00+00:00
[2026-04-10T19:14:29.737+0000] {processor.py:183} INFO - Processing /opt/airflow/dags/covid_pipeline_dag.py took 0.151 seconds
[2026-04-10T19:14:59.916+0000] {processor.py:161} INFO - Started process (PID=28) to work on /opt/airflow/dags/covid_pipeline_dag.py
[2026-04-10T19:14:59.917+0000] {processor.py:830} INFO - Processing file /opt/airflow/dags/covid_pipeline_dag.py for tasks to queue
[2026-04-10T19:14:59.921+0000] {logging_mixin.py:188} INFO - [2026-04-10T19:14:59.920+0000] {dagbag.py:545} INFO - Filling up the DagBag from /opt/airflow/dags/covid_pipeline_dag.py
[2026-04-10T19:14:59.936+0000] {processor.py:840} INFO - DAG(s) 'covid_pipeline' retrieved from /opt/airflow/dags/covid_pipeline_dag.py
[2026-04-10T19:14:59.969+0000] {logging_mixin.py:188} INFO - [2026-04-10T19:14:59.969+0000] {dag.py:3096} INFO - Sync 1 DAGs
[2026-04-10T19:14:59.994+0000] {logging_mixin.py:188} INFO - [2026-04-10T19:14:59.994+0000] {dag.py:3954} INFO - Setting next_dagrun for covid_pipeline to 2026-03-29 00:00:00+00:00, run_after=2026-04-05 00:00:00+00:00
[2026-04-10T19:15:00.016+0000] {processor.py:183} INFO - Processing /opt/airflow/dags/covid_pipeline_dag.py took 0.108 seconds
[2026-04-10T19:15:30.063+0000] {processor.py:161} INFO - Started process (PID=25) to work on /opt/airflow/dags/covid_pipeline_dag.py
[2026-04-10T19:15:30.065+0000] {processor.py:830} INFO - Processing file /opt/airflow/dags/covid_pipeline_dag.py for tasks to queue
[2026-04-10T19:15:30.069+0000] {logging_mixin.py:188} INFO - [2026-04-10T19:15:30.069+0000] {dagbag.py:545} INFO - Filling up the DagBag from /opt/airflow/dags/covid_pipeline_dag.py
[2026-04-10T19:15:30.100+0000] {processor.py:840} INFO - DAG(s) 'covid_pipeline' retrieved from /opt/airflow/dags/covid_pipeline_dag.py
[2026-04-10T19:15:30.123+0000] {logging_mixin.py:188} INFO - [2026-04-10T19:15:30.123+0000] {dag.py:3096} INFO - Sync 1 DAGs
[2026-04-10T19:15:30.148+0000] {logging_mixin.py:188} INFO - [2026-04-10T19:15:30.148+0000] {dag.py:3954} INFO - Setting next_dagrun for covid_pipeline to 2026-03-29 00:00:00+00:00, run_after=2026-04-05 00:00:00+00:00
[2026-04-10T19:15:30.166+0000] {processor.py:183} INFO - Processing /opt/airflow/dags/covid_pipeline_dag.py took 0.111 seconds
[2026-04-10T19:16:00.324+0000] {processor.py:161} INFO - Started process (PID=26) to work on /opt/airflow/dags/covid_pipeline_dag.py
[2026-04-10T19:16:00.326+0000] {processor.py:830} INFO - Processing file /opt/airflow/dags/covid_pipeline_dag.py for tasks to queue
[2026-04-10T19:16:00.329+0000] {logging_mixin.py:188} INFO - [2026-04-10T19:16:00.328+0000] {dagbag.py:545} INFO - Filling up the DagBag from /opt/airflow/dags/covid_pipeline_dag.py
[2026-04-10T19:16:00.352+0000] {processor.py:840} INFO - DAG(s) 'covid_pipeline' retrieved from /opt/airflow/dags/covid_pipeline_dag.py
[2026-04-10T19:16:00.642+0000] {logging_mixin.py:188} INFO - [2026-04-10T19:16:00.642+0000] {dag.py:3096} INFO - Sync 1 DAGs
[2026-04-10T19:16:00.663+0000] {logging_mixin.py:188} INFO - [2026-04-10T19:16:00.663+0000] {dag.py:3954} INFO - Setting next_dagrun for covid_pipeline to 2026-03-29 00:00:00+00:00, run_after=2026-04-05 00:00:00+00:00
[2026-04-10T19:16:00.681+0000] {processor.py:183} INFO - Processing /opt/airflow/dags/covid_pipeline_dag.py took 0.366 seconds
[2026-04-10T19:16:30.979+0000] {processor.py:161} INFO - Started process (PID=27) to work on /opt/airflow/dags/covid_pipeline_dag.py
[2026-04-10T19:16:30.981+0000] {processor.py:830} INFO - Processing file /opt/airflow/dags/covid_pipeline_dag.py for tasks to queue
[2026-04-10T19:16:30.989+0000] {logging_mixin.py:188} INFO - [2026-04-10T19:16:30.988+0000] {dagbag.py:545} INFO - Filling up the DagBag from /opt/airflow/dags/covid_pipeline_dag.py
[2026-04-10T19:16:31.016+0000] {processor.py:840} INFO - DAG(s) 'covid_pipeline' retrieved from /opt/airflow/dags/covid_pipeline_dag.py
[2026-04-10T19:16:31.066+0000] {logging_mixin.py:188} INFO - [2026-04-10T19:16:31.065+0000] {dag.py:3096} INFO - Sync 1 DAGs
[2026-04-10T19:16:31.097+0000] {logging_mixin.py:188} INFO - [2026-04-10T19:16:31.097+0000] {dag.py:3954} INFO - Setting next_dagrun for covid_pipeline to 2026-03-29 00:00:00+00:00, run_after=2026-04-05 00:00:00+00:00
[2026-04-10T19:16:31.118+0000] {processor.py:183} INFO - Processing /opt/airflow/dags/covid_pipeline_dag.py took 0.148 seconds
[2026-04-10T19:27:30.726+0000] {processor.py:161} INFO - Started process (PID=23) to work on /opt/airflow/dags/covid_pipeline_dag.py
[2026-04-10T19:27:30.728+0000] {processor.py:830} INFO - Processing file /opt/airflow/dags/covid_pipeline_dag.py for tasks to queue
[2026-04-10T19:27:30.729+0000] {logging_mixin.py:188} INFO - [2026-04-10T19:27:30.729+0000] {dagbag.py:545} INFO - Filling up the DagBag from /opt/airflow/dags/covid_pipeline_dag.py
[2026-04-10T19:27:30.750+0000] {processor.py:840} INFO - DAG(s) 'covid_pipeline' retrieved from /opt/airflow/dags/covid_pipeline_dag.py
[2026-04-10T19:27:30.766+0000] {logging_mixin.py:188} INFO - [2026-04-10T19:27:30.766+0000] {dag.py:3096} INFO - Sync 1 DAGs
[2026-04-10T19:27:30.783+0000] {logging_mixin.py:188} INFO - [2026-04-10T19:27:30.783+0000] {dag.py:3954} INFO - Setting next_dagrun for covid_pipeline to 2026-03-29 00:00:00+00:00, run_after=2026-04-05 00:00:00+00:00
[2026-04-10T19:27:30.796+0000] {processor.py:183} INFO - Processing /opt/airflow/dags/covid_pipeline_dag.py took 0.074 seconds
[2026-04-10T19:28:39.679+0000] {processor.py:161} INFO - Started process (PID=24) to work on /opt/airflow/dags/covid_pipeline_dag.py
[2026-04-10T19:28:39.681+0000] {processor.py:830} INFO - Processing file /opt/airflow/dags/covid_pipeline_dag.py for tasks to queue
[2026-04-10T19:28:39.685+0000] {logging_mixin.py:188} INFO - [2026-04-10T19:28:39.684+0000] {dagbag.py:545} INFO - Filling up the DagBag from /opt/airflow/dags/covid_pipeline_dag.py
[2026-04-10T19:28:39.716+0000] {processor.py:840} INFO - DAG(s) 'covid_pipeline' retrieved from /opt/airflow/dags/covid_pipeline_dag.py
[2026-04-10T19:28:39.738+0000] {logging_mixin.py:188} INFO - [2026-04-10T19:28:39.738+0000] {dag.py:3096} INFO - Sync 1 DAGs
[2026-04-10T19:28:39.760+0000] {logging_mixin.py:188} INFO - [2026-04-10T19:28:39.760+0000] {dag.py:3954} INFO - Setting next_dagrun for covid_pipeline to 2026-03-29 00:00:00+00:00, run_after=2026-04-05 00:00:00+00:00
[2026-04-10T19:28:39.776+0000] {processor.py:183} INFO - Processing /opt/airflow/dags/covid_pipeline_dag.py took 0.104 seconds
[2026-04-10T19:29:09.926+0000] {processor.py:161} INFO - Started process (PID=26) to work on /opt/airflow/dags/covid_pipeline_dag.py
[2026-04-10T19:29:09.927+0000] {processor.py:830} INFO - Processing file /opt/airflow/dags/covid_pipeline_dag.py for tasks to queue
[2026-04-10T19:29:09.929+0000] {logging_mixin.py:188} INFO - [2026-04-10T19:29:09.929+0000] {dagbag.py:545} INFO - Filling up the DagBag from /opt/airflow/dags/covid_pipeline_dag.py
[2026-04-10T19:29:09.942+0000] {processor.py:840} INFO - DAG(s) 'covid_pipeline' retrieved from /opt/airflow/dags/covid_pipeline_dag.py
[2026-04-10T19:29:10.126+0000] {logging_mixin.py:188} INFO - [2026-04-10T19:29:10.126+0000] {dag.py:3096} INFO - Sync 1 DAGs
[2026-04-10T19:29:10.138+0000] {logging_mixin.py:188} INFO - [2026-04-10T19:29:10.138+0000] {dag.py:3954} INFO - Setting next_dagrun for covid_pipeline to 2026-03-29 00:00:00+00:00, run_after=2026-04-05 00:00:00+00:00
[2026-04-10T19:29:10.150+0000] {processor.py:183} INFO - Processing /opt/airflow/dags/covid_pipeline_dag.py took 0.231 seconds
[2026-04-10T19:29:40.248+0000] {processor.py:161} INFO - Started process (PID=27) to work on /opt/airflow/dags/covid_pipeline_dag.py
[2026-04-10T19:29:40.249+0000] {processor.py:830} INFO - Processing file /opt/airflow/dags/covid_pipeline_dag.py for tasks to queue
[2026-04-10T19:29:40.251+0000] {logging_mixin.py:188} INFO - [2026-04-10T19:29:40.250+0000] {dagbag.py:545} INFO - Filling up the DagBag from /opt/airflow/dags/covid_pipeline_dag.py
[2026-04-10T19:29:40.264+0000] {processor.py:840} INFO - DAG(s) 'covid_pipeline' retrieved from /opt/airflow/dags/covid_pipeline_dag.py
[2026-04-10T19:29:40.286+0000] {logging_mixin.py:188} INFO - [2026-04-10T19:29:40.286+0000] {dag.py:3096} INFO - Sync 1 DAGs
[2026-04-10T19:29:40.301+0000] {logging_mixin.py:188} INFO - [2026-04-10T19:29:40.301+0000] {dag.py:3954} INFO - Setting next_dagrun for covid_pipeline to 2026-03-29 00:00:00+00:00, run_after=2026-04-05 00:00:00+00:00
[2026-04-10T19:29:40.313+0000] {processor.py:183} INFO - Processing /opt/airflow/dags/covid_pipeline_dag.py took 0.072 seconds
[2026-04-10T19:30:10.562+0000] {processor.py:161} INFO - Started process (PID=28) to work on /opt/airflow/dags/covid_pipeline_dag.py
[2026-04-10T19:30:10.563+0000] {processor.py:830} INFO - Processing file /opt/airflow/dags/covid_pipeline_dag.py for tasks to queue
[2026-04-10T19:30:10.565+0000] {logging_mixin.py:188} INFO - [2026-04-10T19:30:10.564+0000] {dagbag.py:545} INFO - Filling up the DagBag from /opt/airflow/dags/covid_pipeline_dag.py
[2026-04-10T19:30:10.578+0000] {processor.py:840} INFO - DAG(s) 'covid_pipeline' retrieved from /opt/airflow/dags/covid_pipeline_dag.py
[2026-04-10T19:30:10.599+0000] {logging_mixin.py:188} INFO - [2026-04-10T19:30:10.599+0000] {dag.py:3096} INFO - Sync 1 DAGs
[2026-04-10T19:30:10.614+0000] {logging_mixin.py:188} INFO - [2026-04-10T19:30:10.613+0000] {dag.py:3954} INFO - Setting next_dagrun for covid_pipeline to 2026-03-29 00:00:00+00:00, run_after=2026-04-05 00:00:00+00:00
[2026-04-10T19:30:10.626+0000] {processor.py:183} INFO - Processing /opt/airflow/dags/covid_pipeline_dag.py took 0.072 seconds
[2026-04-10T19:30:40.893+0000] {processor.py:161} INFO - Started process (PID=29) to work on /opt/airflow/dags/covid_pipeline_dag.py
[2026-04-10T19:30:40.894+0000] {processor.py:830} INFO - Processing file /opt/airflow/dags/covid_pipeline_dag.py for tasks to queue
[2026-04-10T19:30:40.897+0000] {logging_mixin.py:188} INFO - [2026-04-10T19:30:40.896+0000] {dagbag.py:545} INFO - Filling up the DagBag from /opt/airflow/dags/covid_pipeline_dag.py
[2026-04-10T19:30:40.911+0000] {processor.py:840} INFO - DAG(s) 'covid_pipeline' retrieved from /opt/airflow/dags/covid_pipeline_dag.py
[2026-04-10T19:30:40.936+0000] {logging_mixin.py:188} INFO - [2026-04-10T19:30:40.936+0000] {dag.py:3096} INFO - Sync 1 DAGs
[2026-04-10T19:30:40.953+0000] {logging_mixin.py:188} INFO - [2026-04-10T19:30:40.953+0000] {dag.py:3954} INFO - Setting next_dagrun for covid_pipeline to 2026-03-29 00:00:00+00:00, run_after=2026-04-05 00:00:00+00:00
[2026-04-10T19:30:40.966+0000] {processor.py:183} INFO - Processing /opt/airflow/dags/covid_pipeline_dag.py took 0.082 seconds
[2026-04-10T19:31:11.201+0000] {processor.py:161} INFO - Started process (PID=30) to work on /opt/airflow/dags/covid_pipeline_dag.py
[2026-04-10T19:31:11.202+0000] {processor.py:830} INFO - Processing file /opt/airflow/dags/covid_pipeline_dag.py for tasks to queue
[2026-04-10T19:31:11.204+0000] {logging_mixin.py:188} INFO - [2026-04-10T19:31:11.203+0000] {dagbag.py:545} INFO - Filling up the DagBag from /opt/airflow/dags/covid_pipeline_dag.py
[2026-04-10T19:31:11.217+0000] {processor.py:840} INFO - DAG(s) 'covid_pipeline' retrieved from /opt/airflow/dags/covid_pipeline_dag.py
[2026-04-10T19:31:11.241+0000] {logging_mixin.py:188} INFO - [2026-04-10T19:31:11.240+0000] {dag.py:3096} INFO - Sync 1 DAGs
[2026-04-10T19:31:11.257+0000] {logging_mixin.py:188} INFO - [2026-04-10T19:31:11.257+0000] {dag.py:3954} INFO - Setting next_dagrun for covid_pipeline to 2026-03-29 00:00:00+00:00, run_after=2026-04-05 00:00:00+00:00
[2026-04-10T19:31:11.269+0000] {processor.py:183} INFO - Processing /opt/airflow/dags/covid_pipeline_dag.py took 0.075 seconds
[2026-04-10T19:31:41.518+0000] {processor.py:161} INFO - Started process (PID=31) to work on /opt/airflow/dags/covid_pipeline_dag.py
[2026-04-10T19:31:41.519+0000] {processor.py:830} INFO - Processing file /opt/airflow/dags/covid_pipeline_dag.py for tasks to queue
[2026-04-10T19:31:41.521+0000] {logging_mixin.py:188} INFO - [2026-04-10T19:31:41.521+0000] {dagbag.py:545} INFO - Filling up the DagBag from /opt/airflow/dags/covid_pipeline_dag.py
[2026-04-10T19:31:41.537+0000] {processor.py:840} INFO - DAG(s) 'covid_pipeline' retrieved from /opt/airflow/dags/covid_pipeline_dag.py
[2026-04-10T19:31:41.567+0000] {logging_mixin.py:188} INFO - [2026-04-10T19:31:41.567+0000] {dag.py:3096} INFO - Sync 1 DAGs
[2026-04-10T19:31:41.586+0000] {logging_mixin.py:188} INFO - [2026-04-10T19:31:41.586+0000] {dag.py:3954} INFO - Setting next_dagrun for covid_pipeline to 2026-03-29 00:00:00+00:00, run_after=2026-04-05 00:00:00+00:00
[2026-04-10T19:31:41.600+0000] {processor.py:183} INFO - Processing /opt/airflow/dags/covid_pipeline_dag.py took 0.090 seconds
[2026-04-10T19:32:11.794+0000] {processor.py:161} INFO - Started process (PID=32) to work on /opt/airflow/dags/covid_pipeline_dag.py
[2026-04-10T19:32:11.794+0000] {processor.py:830} INFO - Processing file /opt/airflow/dags/covid_pipeline_dag.py for tasks to queue
[2026-04-10T19:32:11.796+0000] {logging_mixin.py:188} INFO - [2026-04-10T19:32:11.795+0000] {dagbag.py:545} INFO - Filling up the DagBag from /opt/airflow/dags/covid_pipeline_dag.py
[2026-04-10T19:32:11.807+0000] {processor.py:840} INFO - DAG(s) 'covid_pipeline' retrieved from /opt/airflow/dags/covid_pipeline_dag.py
[2026-04-10T19:32:11.828+0000] {logging_mixin.py:188} INFO - [2026-04-10T19:32:11.828+0000] {dag.py:3096} INFO - Sync 1 DAGs
[2026-04-10T19:32:11.844+0000] {logging_mixin.py:188} INFO - [2026-04-10T19:32:11.843+0000] {dag.py:3954} INFO - Setting next_dagrun for covid_pipeline to 2026-03-29 00:00:00+00:00, run_after=2026-04-05 00:00:00+00:00
[2026-04-10T19:32:11.856+0000] {processor.py:183} INFO - Processing /opt/airflow/dags/covid_pipeline_dag.py took 0.067 seconds
[2026-04-10T19:32:42.121+0000] {processor.py:161} INFO - Started process (PID=33) to work on /opt/airflow/dags/covid_pipeline_dag.py
[2026-04-10T19:32:42.122+0000] {processor.py:830} INFO - Processing file /opt/airflow/dags/covid_pipeline_dag.py for tasks to queue
[2026-04-10T19:32:42.125+0000] {logging_mixin.py:188} INFO - [2026-04-10T19:32:42.124+0000] {dagbag.py:545} INFO - Filling up the DagBag from /opt/airflow/dags/covid_pipeline_dag.py
[2026-04-10T19:32:42.142+0000] {processor.py:840} INFO - DAG(s) 'covid_pipeline' retrieved from /opt/airflow/dags/covid_pipeline_dag.py
[2026-04-10T19:32:42.167+0000] {logging_mixin.py:188} INFO - [2026-04-10T19:32:42.167+0000] {dag.py:3096} INFO - Sync 1 DAGs
[2026-04-10T19:32:42.185+0000] {logging_mixin.py:188} INFO - [2026-04-10T19:32:42.185+0000] {dag.py:3954} INFO - Setting next_dagrun for covid_pipeline to 2026-03-29 00:00:00+00:00, run_after=2026-04-05 00:00:00+00:00
[2026-04-10T19:32:42.197+0000] {processor.py:183} INFO - Processing /opt/airflow/dags/covid_pipeline_dag.py took 0.088 seconds
[2026-04-10T19:33:12.471+0000] {processor.py:161} INFO - Started process (PID=34) to work on /opt/airflow/dags/covid_pipeline_dag.py
[2026-04-10T19:33:12.472+0000] {processor.py:830} INFO - Processing file /opt/airflow/dags/covid_pipeline_dag.py for tasks to queue
[2026-04-10T19:33:12.474+0000] {logging_mixin.py:188} INFO - [2026-04-10T19:33:12.474+0000] {dagbag.py:545} INFO - Filling up the DagBag from /opt/airflow/dags/covid_pipeline_dag.py
[2026-04-10T19:33:12.492+0000] {processor.py:840} INFO - DAG(s) 'covid_pipeline' retrieved from /opt/airflow/dags/covid_pipeline_dag.py
[2026-04-10T19:33:12.515+0000] {logging_mixin.py:188} INFO - [2026-04-10T19:33:12.515+0000] {dag.py:3096} INFO - Sync 1 DAGs
[2026-04-10T19:33:12.532+0000] {logging_mixin.py:188} INFO - [2026-04-10T19:33:12.531+0000] {dag.py:3954} INFO - Setting next_dagrun for covid_pipeline to 2026-03-29 00:00:00+00:00, run_after=2026-04-05 00:00:00+00:00
[2026-04-10T19:33:12.549+0000] {processor.py:183} INFO - Processing /opt/airflow/dags/covid_pipeline_dag.py took 0.085 seconds
[2026-04-10T19:33:42.772+0000] {processor.py:161} INFO - Started process (PID=35) to work on /opt/airflow/dags/covid_pipeline_dag.py
[2026-04-10T19:33:42.772+0000] {processor.py:830} INFO - Processing file /opt/airflow/dags/covid_pipeline_dag.py for tasks to queue
[2026-04-10T19:33:42.774+0000] {logging_mixin.py:188} INFO - [2026-04-10T19:33:42.774+0000] {dagbag.py:545} INFO - Filling up the DagBag from /opt/airflow/dags/covid_pipeline_dag.py
[2026-04-10T19:33:42.788+0000] {processor.py:840} INFO - DAG(s) 'covid_pipeline' retrieved from /opt/airflow/dags/covid_pipeline_dag.py
[2026-04-10T19:33:42.812+0000] {logging_mixin.py:188} INFO - [2026-04-10T19:33:42.812+0000] {dag.py:3096} INFO - Sync 1 DAGs
[2026-04-10T19:33:42.830+0000] {logging_mixin.py:188} INFO - [2026-04-10T19:33:42.830+0000] {dag.py:3954} INFO - Setting next_dagrun for covid_pipeline to 2026-03-29 00:00:00+00:00, run_after=2026-04-05 00:00:00+00:00
[2026-04-10T19:33:42.843+0000] {processor.py:183} INFO - Processing /opt/airflow/dags/covid_pipeline_dag.py took 0.077 seconds
[2026-04-10T19:34:13.085+0000] {processor.py:161} INFO - Started process (PID=36) to work on /opt/airflow/dags/covid_pipeline_dag.py
[2026-04-10T19:34:13.086+0000] {processor.py:830} INFO - Processing file /opt/airflow/dags/covid_pipeline_dag.py for tasks to queue
[2026-04-10T19:34:13.089+0000] {logging_mixin.py:188} INFO - [2026-04-10T19:34:13.089+0000] {dagbag.py:545} INFO - Filling up the DagBag from /opt/airflow/dags/covid_pipeline_dag.py
[2026-04-10T19:34:13.106+0000] {processor.py:840} INFO - DAG(s) 'covid_pipeline' retrieved from /opt/airflow/dags/covid_pipeline_dag.py
[2026-04-10T19:34:13.132+0000] {logging_mixin.py:188} INFO - [2026-04-10T19:34:13.132+0000] {dag.py:3096} INFO - Sync 1 DAGs
[2026-04-10T19:34:13.153+0000] {logging_mixin.py:188} INFO - [2026-04-10T19:34:13.153+0000] {dag.py:3954} INFO - Setting next_dagrun for covid_pipeline to 2026-03-29 00:00:00+00:00, run_after=2026-04-05 00:00:00+00:00
[2026-04-10T19:34:13.167+0000] {processor.py:183} INFO - Processing /opt/airflow/dags/covid_pipeline_dag.py took 0.091 seconds
[2026-04-10T19:34:43.384+0000] {processor.py:161} INFO - Started process (PID=37) to work on /opt/airflow/dags/covid_pipeline_dag.py
[2026-04-10T19:34:43.384+0000] {processor.py:830} INFO - Processing file /opt/airflow/dags/covid_pipeline_dag.py for tasks to queue
[2026-04-10T19:34:43.386+0000] {logging_mixin.py:188} INFO - [2026-04-10T19:34:43.386+0000] {dagbag.py:545} INFO - Filling up the DagBag from /opt/airflow/dags/covid_pipeline_dag.py
[2026-04-10T19:34:43.397+0000] {processor.py:840} INFO - DAG(s) 'covid_pipeline' retrieved from /opt/airflow/dags/covid_pipeline_dag.py
[2026-04-10T19:34:43.420+0000] {logging_mixin.py:188} INFO - [2026-04-10T19:34:43.420+0000] {dag.py:3096} INFO - Sync 1 DAGs
[2026-04-10T19:34:43.437+0000] {logging_mixin.py:188} INFO - [2026-04-10T19:34:43.437+0000] {dag.py:3954} INFO - Setting next_dagrun for covid_pipeline to 2026-03-29 00:00:00+00:00, run_after=2026-04-05 00:00:00+00:00
[2026-04-10T19:34:43.450+0000] {processor.py:183} INFO - Processing /opt/airflow/dags/covid_pipeline_dag.py took 0.073 seconds
[2026-04-10T19:35:13.691+0000] {processor.py:161} INFO - Started process (PID=38) to work on /opt/airflow/dags/covid_pipeline_dag.py
[2026-04-10T19:35:13.692+0000] {processor.py:830} INFO - Processing file /opt/airflow/dags/covid_pipeline_dag.py for tasks to queue
[2026-04-10T19:35:13.694+0000] {logging_mixin.py:188} INFO - [2026-04-10T19:35:13.694+0000] {dagbag.py:545} INFO - Filling up the DagBag from /opt/airflow/dags/covid_pipeline_dag.py
[2026-04-10T19:35:13.708+0000] {processor.py:840} INFO - DAG(s) 'covid_pipeline' retrieved from /opt/airflow/dags/covid_pipeline_dag.py
[2026-04-10T19:35:13.731+0000] {logging_mixin.py:188} INFO - [2026-04-10T19:35:13.731+0000] {dag.py:3096} INFO - Sync 1 DAGs
[2026-04-10T19:35:13.747+0000] {logging_mixin.py:188} INFO - [2026-04-10T19:35:13.747+0000] {dag.py:3954} INFO - Setting next_dagrun for covid_pipeline to 2026-03-29 00:00:00+00:00, run_after=2026-04-05 00:00:00+00:00
[2026-04-10T19:35:13.760+0000] {processor.py:183} INFO - Processing /opt/airflow/dags/covid_pipeline_dag.py took 0.076 seconds
[2026-04-10T19:35:44.058+0000] {processor.py:161} INFO - Started process (PID=39) to work on /opt/airflow/dags/covid_pipeline_dag.py
[2026-04-10T19:35:44.059+0000] {processor.py:830} INFO - Processing file /opt/airflow/dags/covid_pipeline_dag.py for tasks to queue
[2026-04-10T19:35:44.061+0000] {logging_mixin.py:188} INFO - [2026-04-10T19:35:44.061+0000] {dagbag.py:545} INFO - Filling up the DagBag from /opt/airflow/dags/covid_pipeline_dag.py
[2026-04-10T19:35:44.076+0000] {processor.py:840} INFO - DAG(s) 'covid_pipeline' retrieved from /opt/airflow/dags/covid_pipeline_dag.py
[2026-04-10T19:35:44.098+0000] {logging_mixin.py:188} INFO - [2026-04-10T19:35:44.098+0000] {dag.py:3096} INFO - Sync 1 DAGs
[2026-04-10T19:35:44.114+0000] {logging_mixin.py:188} INFO - [2026-04-10T19:35:44.114+0000] {dag.py:3954} INFO - Setting next_dagrun for covid_pipeline to 2026-03-29 00:00:00+00:00, run_after=2026-04-05 00:00:00+00:00
[2026-04-10T19:35:44.126+0000] {processor.py:183} INFO - Processing /opt/airflow/dags/covid_pipeline_dag.py took 0.077 seconds
[2026-04-10T19:36:14.393+0000] {processor.py:161} INFO - Started process (PID=40) to work on /opt/airflow/dags/covid_pipeline_dag.py
[2026-04-10T19:36:14.394+0000] {processor.py:830} INFO - Processing file /opt/airflow/dags/covid_pipeline_dag.py for tasks to queue
[2026-04-10T19:36:14.397+0000] {logging_mixin.py:188} INFO - [2026-04-10T19:36:14.396+0000] {dagbag.py:545} INFO - Filling up the DagBag from /opt/airflow/dags/covid_pipeline_dag.py
[2026-04-10T19:36:14.412+0000] {processor.py:840} INFO - DAG(s) 'covid_pipeline' retrieved from /opt/airflow/dags/covid_pipeline_dag.py
[2026-04-10T19:36:14.434+0000] {logging_mixin.py:188} INFO - [2026-04-10T19:36:14.434+0000] {dag.py:3096} INFO - Sync 1 DAGs
[2026-04-10T19:36:14.450+0000] {logging_mixin.py:188} INFO - [2026-04-10T19:36:14.450+0000] {dag.py:3954} INFO - Setting next_dagrun for covid_pipeline to 2026-03-29 00:00:00+00:00, run_after=2026-04-05 00:00:00+00:00
[2026-04-10T19:36:14.464+0000] {processor.py:183} INFO - Processing /opt/airflow/dags/covid_pipeline_dag.py took 0.079 seconds
[2026-04-10T19:36:44.738+0000] {processor.py:161} INFO - Started process (PID=41) to work on /opt/airflow/dags/covid_pipeline_dag.py
[2026-04-10T19:36:44.739+0000] {processor.py:830} INFO - Processing file /opt/airflow/dags/covid_pipeline_dag.py for tasks to queue
[2026-04-10T19:36:44.740+0000] {logging_mixin.py:188} INFO - [2026-04-10T19:36:44.740+0000] {dagbag.py:545} INFO - Filling up the DagBag from /opt/airflow/dags/covid_pipeline_dag.py
[2026-04-10T19:36:44.754+0000] {processor.py:840} INFO - DAG(s) 'covid_pipeline' retrieved from /opt/airflow/dags/covid_pipeline_dag.py
[2026-04-10T19:36:44.774+0000] {logging_mixin.py:188} INFO - [2026-04-10T19:36:44.774+0000] {dag.py:3096} INFO - Sync 1 DAGs
[2026-04-10T19:36:44.789+0000] {logging_mixin.py:188} INFO - [2026-04-10T19:36:44.789+0000] {dag.py:3954} INFO - Setting next_dagrun for covid_pipeline to 2026-03-29 00:00:00+00:00, run_after=2026-04-05 00:00:00+00:00
[2026-04-10T19:36:44.801+0000] {processor.py:183} INFO - Processing /opt/airflow/dags/covid_pipeline_dag.py took 0.070 seconds
[2026-04-10T19:37:15.076+0000] {processor.py:161} INFO - Started process (PID=42) to work on /opt/airflow/dags/covid_pipeline_dag.py
[2026-04-10T19:37:15.077+0000] {processor.py:830} INFO - Processing file /opt/airflow/dags/covid_pipeline_dag.py for tasks to queue
[2026-04-10T19:37:15.079+0000] {logging_mixin.py:188} INFO - [2026-04-10T19:37:15.079+0000] {dagbag.py:545} INFO - Filling up the DagBag from /opt/airflow/dags/covid_pipeline_dag.py
[2026-04-10T19:37:15.093+0000] {processor.py:840} INFO - DAG(s) 'covid_pipeline' retrieved from /opt/airflow/dags/covid_pipeline_dag.py
[2026-04-10T19:37:15.119+0000] {logging_mixin.py:188} INFO - [2026-04-10T19:37:15.119+0000] {dag.py:3096} INFO - Sync 1 DAGs
[2026-04-10T19:37:15.135+0000] {logging_mixin.py:188} INFO - [2026-04-10T19:37:15.135+0000] {dag.py:3954} INFO - Setting next_dagrun for covid_pipeline to 2026-03-29 00:00:00+00:00, run_after=2026-04-05 00:00:00+00:00
[2026-04-10T19:37:15.150+0000] {processor.py:183} INFO - Processing /opt/airflow/dags/covid_pipeline_dag.py took 0.082 seconds
[2026-04-10T19:37:45.376+0000] {processor.py:161} INFO - Started process (PID=43) to work on /opt/airflow/dags/covid_pipeline_dag.py
[2026-04-10T19:37:45.377+0000] {processor.py:830} INFO - Processing file /opt/airflow/dags/covid_pipeline_dag.py for tasks to queue
[2026-04-10T19:37:45.379+0000] {logging_mixin.py:188} INFO - [2026-04-10T19:37:45.379+0000] {dagbag.py:545} INFO - Filling up the DagBag from /opt/airflow/dags/covid_pipeline_dag.py
[2026-04-10T19:37:45.392+0000] {processor.py:840} INFO - DAG(s) 'covid_pipeline' retrieved from /opt/airflow/dags/covid_pipeline_dag.py
[2026-04-10T19:37:45.414+0000] {logging_mixin.py:188} INFO - [2026-04-10T19:37:45.414+0000] {dag.py:3096} INFO - Sync 1 DAGs
[2026-04-10T19:37:45.430+0000] {logging_mixin.py:188} INFO - [2026-04-10T19:37:45.429+0000] {dag.py:3954} INFO - Setting next_dagrun for covid_pipeline to 2026-03-29 00:00:00+00:00, run_after=2026-04-05 00:00:00+00:00
[2026-04-10T19:37:45.441+0000] {processor.py:183} INFO - Processing /opt/airflow/dags/covid_pipeline_dag.py took 0.070 seconds
[2026-04-10T19:38:15.715+0000] {processor.py:161} INFO - Started process (PID=44) to work on /opt/airflow/dags/covid_pipeline_dag.py
[2026-04-10T19:38:15.716+0000] {processor.py:830} INFO - Processing file /opt/airflow/dags/covid_pipeline_dag.py for tasks to queue
[2026-04-10T19:38:15.718+0000] {logging_mixin.py:188} INFO - [2026-04-10T19:38:15.718+0000] {dagbag.py:545} INFO - Filling up the DagBag from /opt/airflow/dags/covid_pipeline_dag.py
[2026-04-10T19:38:15.736+0000] {processor.py:840} INFO - DAG(s) 'covid_pipeline' retrieved from /opt/airflow/dags/covid_pipeline_dag.py
[2026-04-10T19:38:15.763+0000] {logging_mixin.py:188} INFO - [2026-04-10T19:38:15.763+0000] {dag.py:3096} INFO - Sync 1 DAGs
[2026-04-10T19:38:15.783+0000] {logging_mixin.py:188} INFO - [2026-04-10T19:38:15.783+0000] {dag.py:3954} INFO - Setting next_dagrun for covid_pipeline to 2026-03-29 00:00:00+00:00, run_after=2026-04-05 00:00:00+00:00
[2026-04-10T19:38:15.797+0000] {processor.py:183} INFO - Processing /opt/airflow/dags/covid_pipeline_dag.py took 0.092 seconds
[2026-04-10T19:38:46.078+0000] {processor.py:161} INFO - Started process (PID=45) to work on /opt/airflow/dags/covid_pipeline_dag.py
[2026-04-10T19:38:46.080+0000] {processor.py:830} INFO - Processing file /opt/airflow/dags/covid_pipeline_dag.py for tasks to queue
[2026-04-10T19:38:46.083+0000] {logging_mixin.py:188} INFO - [2026-04-10T19:38:46.083+0000] {dagbag.py:545} INFO - Filling up the DagBag from /opt/airflow/dags/covid_pipeline_dag.py
[2026-04-10T19:38:46.100+0000] {processor.py:840} INFO - DAG(s) 'covid_pipeline' retrieved from /opt/airflow/dags/covid_pipeline_dag.py
[2026-04-10T19:38:46.130+0000] {logging_mixin.py:188} INFO - [2026-04-10T19:38:46.130+0000] {dag.py:3096} INFO - Sync 1 DAGs
[2026-04-10T19:38:46.149+0000] {logging_mixin.py:188} INFO - [2026-04-10T19:38:46.149+0000] {dag.py:3954} INFO - Setting next_dagrun for covid_pipeline to 2026-03-29 00:00:00+00:00, run_after=2026-04-05 00:00:00+00:00
[2026-04-10T19:38:46.164+0000] {processor.py:183} INFO - Processing /opt/airflow/dags/covid_pipeline_dag.py took 0.097 seconds
[2026-04-10T19:39:16.459+0000] {processor.py:161} INFO - Started process (PID=46) to work on /opt/airflow/dags/covid_pipeline_dag.py
[2026-04-10T19:39:16.461+0000] {processor.py:830} INFO - Processing file /opt/airflow/dags/covid_pipeline_dag.py for tasks to queue
[2026-04-10T19:39:16.464+0000] {logging_mixin.py:188} INFO - [2026-04-10T19:39:16.463+0000] {dagbag.py:545} INFO - Filling up the DagBag from /opt/airflow/dags/covid_pipeline_dag.py
[2026-04-10T19:39:16.486+0000] {processor.py:840} INFO - DAG(s) 'covid_pipeline' retrieved from /opt/airflow/dags/covid_pipeline_dag.py
[2026-04-10T19:39:16.520+0000] {logging_mixin.py:188} INFO - [2026-04-10T19:39:16.520+0000] {dag.py:3096} INFO - Sync 1 DAGs
[2026-04-10T19:39:16.543+0000] {logging_mixin.py:188} INFO - [2026-04-10T19:39:16.542+0000] {dag.py:3954} INFO - Setting next_dagrun for covid_pipeline to 2026-03-29 00:00:00+00:00, run_after=2026-04-05 00:00:00+00:00
[2026-04-10T19:39:16.558+0000] {processor.py:183} INFO - Processing /opt/airflow/dags/covid_pipeline_dag.py took 0.110 seconds
[2026-04-10T19:39:46.802+0000] {processor.py:161} INFO - Started process (PID=47) to work on /opt/airflow/dags/covid_pipeline_dag.py
[2026-04-10T19:39:46.804+0000] {processor.py:830} INFO - Processing file /opt/airflow/dags/covid_pipeline_dag.py for tasks to queue
[2026-04-10T19:39:46.806+0000] {logging_mixin.py:188} INFO - [2026-04-10T19:39:46.806+0000] {dagbag.py:545} INFO - Filling up the DagBag from /opt/airflow/dags/covid_pipeline_dag.py
[2026-04-10T19:39:46.821+0000] {processor.py:840} INFO - DAG(s) 'covid_pipeline' retrieved from /opt/airflow/dags/covid_pipeline_dag.py
[2026-04-10T19:39:46.845+0000] {logging_mixin.py:188} INFO - [2026-04-10T19:39:46.845+0000] {dag.py:3096} INFO - Sync 1 DAGs
[2026-04-10T19:39:46.861+0000] {logging_mixin.py:188} INFO - [2026-04-10T19:39:46.861+0000] {dag.py:3954} INFO - Setting next_dagrun for covid_pipeline to 2026-03-29 00:00:00+00:00, run_after=2026-04-05 00:00:00+00:00
[2026-04-10T19:39:46.874+0000] {processor.py:183} INFO - Processing /opt/airflow/dags/covid_pipeline_dag.py took 0.081 seconds
[2026-04-10T19:40:17.200+0000] {processor.py:161} INFO - Started process (PID=48) to work on /opt/airflow/dags/covid_pipeline_dag.py
[2026-04-10T19:40:17.201+0000] {processor.py:830} INFO - Processing file /opt/airflow/dags/covid_pipeline_dag.py for tasks to queue
[2026-04-10T19:40:17.204+0000] {logging_mixin.py:188} INFO - [2026-04-10T19:40:17.204+0000] {dagbag.py:545} INFO - Filling up the DagBag from /opt/airflow/dags/covid_pipeline_dag.py
[2026-04-10T19:40:17.219+0000] {processor.py:840} INFO - DAG(s) 'covid_pipeline' retrieved from /opt/airflow/dags/covid_pipeline_dag.py
[2026-04-10T19:40:17.243+0000] {logging_mixin.py:188} INFO - [2026-04-10T19:40:17.243+0000] {dag.py:3096} INFO - Sync 1 DAGs
[2026-04-10T19:40:17.260+0000] {logging_mixin.py:188} INFO - [2026-04-10T19:40:17.260+0000] {dag.py:3954} INFO - Setting next_dagrun for covid_pipeline to 2026-03-29 00:00:00+00:00, run_after=2026-04-05 00:00:00+00:00
[2026-04-10T19:40:17.273+0000] {processor.py:183} INFO - Processing /opt/airflow/dags/covid_pipeline_dag.py took 0.082 seconds
[2026-04-10T19:40:47.550+0000] {processor.py:161} INFO - Started process (PID=49) to work on /opt/airflow/dags/covid_pipeline_dag.py
[2026-04-10T19:40:47.552+0000] {processor.py:830} INFO - Processing file /opt/airflow/dags/covid_pipeline_dag.py for tasks to queue
[2026-04-10T19:40:47.554+0000] {logging_mixin.py:188} INFO - [2026-04-10T19:40:47.554+0000] {dagbag.py:545} INFO - Filling up the DagBag from /opt/airflow/dags/covid_pipeline_dag.py
[2026-04-10T19:40:47.569+0000] {processor.py:840} INFO - DAG(s) 'covid_pipeline' retrieved from /opt/airflow/dags/covid_pipeline_dag.py
[2026-04-10T19:40:47.592+0000] {logging_mixin.py:188} INFO - [2026-04-10T19:40:47.592+0000] {dag.py:3096} INFO - Sync 1 DAGs
[2026-04-10T19:40:47.607+0000] {logging_mixin.py:188} INFO - [2026-04-10T19:40:47.607+0000] {dag.py:3954} INFO - Setting next_dagrun for covid_pipeline to 2026-03-29 00:00:00+00:00, run_after=2026-04-05 00:00:00+00:00
[2026-04-10T19:40:47.619+0000] {processor.py:183} INFO - Processing /opt/airflow/dags/covid_pipeline_dag.py took 0.077 seconds
[2026-04-10T19:41:17.934+0000] {processor.py:161} INFO - Started process (PID=50) to work on /opt/airflow/dags/covid_pipeline_dag.py
[2026-04-10T19:41:17.935+0000] {processor.py:830} INFO - Processing file /opt/airflow/dags/covid_pipeline_dag.py for tasks to queue
[2026-04-10T19:41:17.937+0000] {logging_mixin.py:188} INFO - [2026-04-10T19:41:17.937+0000] {dagbag.py:545} INFO - Filling up the DagBag from /opt/airflow/dags/covid_pipeline_dag.py
[2026-04-10T19:41:17.950+0000] {processor.py:840} INFO - DAG(s) 'covid_pipeline' retrieved from /opt/airflow/dags/covid_pipeline_dag.py
[2026-04-10T19:41:17.971+0000] {logging_mixin.py:188} INFO - [2026-04-10T19:41:17.971+0000] {dag.py:3096} INFO - Sync 1 DAGs
[2026-04-10T19:41:17.986+0000] {logging_mixin.py:188} INFO - [2026-04-10T19:41:17.986+0000] {dag.py:3954} INFO - Setting next_dagrun for covid_pipeline to 2026-03-29 00:00:00+00:00, run_after=2026-04-05 00:00:00+00:00
[2026-04-10T19:41:17.999+0000] {processor.py:183} INFO - Processing /opt/airflow/dags/covid_pipeline_dag.py took 0.073 seconds
[2026-04-10T19:41:48.255+0000] {processor.py:161} INFO - Started process (PID=51) to work on /opt/airflow/dags/covid_pipeline_dag.py
[2026-04-10T19:41:48.257+0000] {processor.py:830} INFO - Processing file /opt/airflow/dags/covid_pipeline_dag.py for tasks to queue
[2026-04-10T19:41:48.260+0000] {logging_mixin.py:188} INFO - [2026-04-10T19:41:48.259+0000] {dagbag.py:545} INFO - Filling up the DagBag from /opt/airflow/dags/covid_pipeline_dag.py
[2026-04-10T19:41:48.274+0000] {processor.py:840} INFO - DAG(s) 'covid_pipeline' retrieved from /opt/airflow/dags/covid_pipeline_dag.py
[2026-04-10T19:41:48.297+0000] {logging_mixin.py:188} INFO - [2026-04-10T19:41:48.297+0000] {dag.py:3096} INFO - Sync 1 DAGs
[2026-04-10T19:41:48.316+0000] {logging_mixin.py:188} INFO - [2026-04-10T19:41:48.316+0000] {dag.py:3954} INFO - Setting next_dagrun for covid_pipeline to 2026-03-29 00:00:00+00:00, run_after=2026-04-05 00:00:00+00:00
[2026-04-10T19:41:48.332+0000] {processor.py:183} INFO - Processing /opt/airflow/dags/covid_pipeline_dag.py took 0.085 seconds
[2026-04-10T19:42:18.630+0000] {processor.py:161} INFO - Started process (PID=52) to work on /opt/airflow/dags/covid_pipeline_dag.py
[2026-04-10T19:42:18.631+0000] {processor.py:830} INFO - Processing file /opt/airflow/dags/covid_pipeline_dag.py for tasks to queue
[2026-04-10T19:42:18.633+0000] {logging_mixin.py:188} INFO - [2026-04-10T19:42:18.633+0000] {dagbag.py:545} INFO - Filling up the DagBag from /opt/airflow/dags/covid_pipeline_dag.py
[2026-04-10T19:42:18.650+0000] {processor.py:840} INFO - DAG(s) 'covid_pipeline' retrieved from /opt/airflow/dags/covid_pipeline_dag.py
[2026-04-10T19:42:18.671+0000] {logging_mixin.py:188} INFO - [2026-04-10T19:42:18.671+0000] {dag.py:3096} INFO - Sync 1 DAGs
[2026-04-10T19:42:18.686+0000] {logging_mixin.py:188} INFO - [2026-04-10T19:42:18.686+0000] {dag.py:3954} INFO - Setting next_dagrun for covid_pipeline to 2026-03-29 00:00:00+00:00, run_after=2026-04-05 00:00:00+00:00
[2026-04-10T19:42:18.699+0000] {processor.py:183} INFO - Processing /opt/airflow/dags/covid_pipeline_dag.py took 0.077 seconds
[2026-04-10T19:42:49.036+0000] {processor.py:161} INFO - Started process (PID=53) to work on /opt/airflow/dags/covid_pipeline_dag.py
[2026-04-10T19:42:49.037+0000] {processor.py:830} INFO - Processing file /opt/airflow/dags/covid_pipeline_dag.py for tasks to queue
[2026-04-10T19:42:49.040+0000] {logging_mixin.py:188} INFO - [2026-04-10T19:42:49.040+0000] {dagbag.py:545} INFO - Filling up the DagBag from /opt/airflow/dags/covid_pipeline_dag.py
[2026-04-10T19:42:49.058+0000] {processor.py:840} INFO - DAG(s) 'covid_pipeline' retrieved from /opt/airflow/dags/covid_pipeline_dag.py
[2026-04-10T19:42:49.086+0000] {logging_mixin.py:188} INFO - [2026-04-10T19:42:49.086+0000] {dag.py:3096} INFO - Sync 1 DAGs
[2026-04-10T19:42:49.108+0000] {logging_mixin.py:188} INFO - [2026-04-10T19:42:49.108+0000] {dag.py:3954} INFO - Setting next_dagrun for covid_pipeline to 2026-03-29 00:00:00+00:00, run_after=2026-04-05 00:00:00+00:00
[2026-04-10T19:42:49.123+0000] {processor.py:183} INFO - Processing /opt/airflow/dags/covid_pipeline_dag.py took 0.097 seconds
[2026-04-10T19:43:19.349+0000] {processor.py:161} INFO - Started process (PID=54) to work on /opt/airflow/dags/covid_pipeline_dag.py
[2026-04-10T19:43:19.351+0000] {processor.py:830} INFO - Processing file /opt/airflow/dags/covid_pipeline_dag.py for tasks to queue
[2026-04-10T19:43:19.354+0000] {logging_mixin.py:188} INFO - [2026-04-10T19:43:19.354+0000] {dagbag.py:545} INFO - Filling up the DagBag from /opt/airflow/dags/covid_pipeline_dag.py
[2026-04-10T19:43:19.370+0000] {processor.py:840} INFO - DAG(s) 'covid_pipeline' retrieved from /opt/airflow/dags/covid_pipeline_dag.py
[2026-04-10T19:43:19.397+0000] {logging_mixin.py:188} INFO - [2026-04-10T19:43:19.397+0000] {dag.py:3096} INFO - Sync 1 DAGs
[2026-04-10T19:43:19.416+0000] {logging_mixin.py:188} INFO - [2026-04-10T19:43:19.415+0000] {dag.py:3954} INFO - Setting next_dagrun for covid_pipeline to 2026-03-29 00:00:00+00:00, run_after=2026-04-05 00:00:00+00:00
[2026-04-10T19:43:19.429+0000] {processor.py:183} INFO - Processing /opt/airflow/dags/covid_pipeline_dag.py took 0.090 seconds
[2026-04-10T19:43:49.705+0000] {processor.py:161} INFO - Started process (PID=55) to work on /opt/airflow/dags/covid_pipeline_dag.py
[2026-04-10T19:43:49.706+0000] {processor.py:830} INFO - Processing file /opt/airflow/dags/covid_pipeline_dag.py for tasks to queue
[2026-04-10T19:43:49.707+0000] {logging_mixin.py:188} INFO - [2026-04-10T19:43:49.707+0000] {dagbag.py:545} INFO - Filling up the DagBag from /opt/airflow/dags/covid_pipeline_dag.py
[2026-04-10T19:43:49.720+0000] {processor.py:840} INFO - DAG(s) 'covid_pipeline' retrieved from /opt/airflow/dags/covid_pipeline_dag.py
[2026-04-10T19:43:49.744+0000] {logging_mixin.py:188} INFO - [2026-04-10T19:43:49.744+0000] {dag.py:3096} INFO - Sync 1 DAGs
[2026-04-10T19:43:49.763+0000] {logging_mixin.py:188} INFO - [2026-04-10T19:43:49.763+0000] {dag.py:3954} INFO - Setting next_dagrun for covid_pipeline to 2026-03-29 00:00:00+00:00, run_after=2026-04-05 00:00:00+00:00
[2026-04-10T19:43:49.778+0000] {processor.py:183} INFO - Processing /opt/airflow/dags/covid_pipeline_dag.py took 0.079 seconds
[2026-04-10T19:44:20.053+0000] {processor.py:161} INFO - Started process (PID=56) to work on /opt/airflow/dags/covid_pipeline_dag.py
[2026-04-10T19:44:20.055+0000] {processor.py:830} INFO - Processing file /opt/airflow/dags/covid_pipeline_dag.py for tasks to queue
[2026-04-10T19:44:20.058+0000] {logging_mixin.py:188} INFO - [2026-04-10T19:44:20.057+0000] {dagbag.py:545} INFO - Filling up the DagBag from /opt/airflow/dags/covid_pipeline_dag.py
[2026-04-10T19:44:20.076+0000] {processor.py:840} INFO - DAG(s) 'covid_pipeline' retrieved from /opt/airflow/dags/covid_pipeline_dag.py
[2026-04-10T19:44:20.104+0000] {logging_mixin.py:188} INFO - [2026-04-10T19:44:20.104+0000] {dag.py:3096} INFO - Sync 1 DAGs
[2026-04-10T19:44:20.125+0000] {logging_mixin.py:188} INFO - [2026-04-10T19:44:20.125+0000] {dag.py:3954} INFO - Setting next_dagrun for covid_pipeline to 2026-03-29 00:00:00+00:00, run_after=2026-04-05 00:00:00+00:00
[2026-04-10T19:44:20.140+0000] {processor.py:183} INFO - Processing /opt/airflow/dags/covid_pipeline_dag.py took 0.096 seconds
[2026-04-10T19:44:50.368+0000] {processor.py:161} INFO - Started process (PID=57) to work on /opt/airflow/dags/covid_pipeline_dag.py
[2026-04-10T19:44:50.369+0000] {processor.py:830} INFO - Processing file /opt/airflow/dags/covid_pipeline_dag.py for tasks to queue
[2026-04-10T19:44:50.371+0000] {logging_mixin.py:188} INFO - [2026-04-10T19:44:50.370+0000] {dagbag.py:545} INFO - Filling up the DagBag from /opt/airflow/dags/covid_pipeline_dag.py
[2026-04-10T19:44:50.385+0000] {processor.py:840} INFO - DAG(s) 'covid_pipeline' retrieved from /opt/airflow/dags/covid_pipeline_dag.py
[2026-04-10T19:44:50.408+0000] {logging_mixin.py:188} INFO - [2026-04-10T19:44:50.408+0000] {dag.py:3096} INFO - Sync 1 DAGs
[2026-04-10T19:44:50.424+0000] {logging_mixin.py:188} INFO - [2026-04-10T19:44:50.424+0000] {dag.py:3954} INFO - Setting next_dagrun for covid_pipeline to 2026-03-29 00:00:00+00:00, run_after=2026-04-05 00:00:00+00:00
[2026-04-10T19:44:50.435+0000] {processor.py:183} INFO - Processing /opt/airflow/dags/covid_pipeline_dag.py took 0.076 seconds
[2026-04-10T19:45:20.783+0000] {processor.py:161} INFO - Started process (PID=58) to work on /opt/airflow/dags/covid_pipeline_dag.py
[2026-04-10T19:45:20.785+0000] {processor.py:830} INFO - Processing file /opt/airflow/dags/covid_pipeline_dag.py for tasks to queue
[2026-04-10T19:45:20.788+0000] {logging_mixin.py:188} INFO - [2026-04-10T19:45:20.787+0000] {dagbag.py:545} INFO - Filling up the DagBag from /opt/airflow/dags/covid_pipeline_dag.py
[2026-04-10T19:45:20.804+0000] {processor.py:840} INFO - DAG(s) 'covid_pipeline' retrieved from /opt/airflow/dags/covid_pipeline_dag.py
[2026-04-10T19:45:20.829+0000] {logging_mixin.py:188} INFO - [2026-04-10T19:45:20.829+0000] {dag.py:3096} INFO - Sync 1 DAGs
[2026-04-10T19:45:20.846+0000] {logging_mixin.py:188} INFO - [2026-04-10T19:45:20.846+0000] {dag.py:3954} INFO - Setting next_dagrun for covid_pipeline to 2026-03-29 00:00:00+00:00, run_after=2026-04-05 00:00:00+00:00
[2026-04-10T19:45:20.861+0000] {processor.py:183} INFO - Processing /opt/airflow/dags/covid_pipeline_dag.py took 0.087 seconds
[2026-04-10T19:45:51.145+0000] {processor.py:161} INFO - Started process (PID=59) to work on /opt/airflow/dags/covid_pipeline_dag.py
[2026-04-10T19:45:51.146+0000] {processor.py:830} INFO - Processing file /opt/airflow/dags/covid_pipeline_dag.py for tasks to queue
[2026-04-10T19:45:51.148+0000] {logging_mixin.py:188} INFO - [2026-04-10T19:45:51.148+0000] {dagbag.py:545} INFO - Filling up the DagBag from /opt/airflow/dags/covid_pipeline_dag.py
[2026-04-10T19:45:51.163+0000] {processor.py:840} INFO - DAG(s) 'covid_pipeline' retrieved from /opt/airflow/dags/covid_pipeline_dag.py
[2026-04-10T19:45:51.185+0000] {logging_mixin.py:188} INFO - [2026-04-10T19:45:51.185+0000] {dag.py:3096} INFO - Sync 1 DAGs
[2026-04-10T19:45:51.201+0000] {logging_mixin.py:188} INFO - [2026-04-10T19:45:51.201+0000] {dag.py:3954} INFO - Setting next_dagrun for covid_pipeline to 2026-03-29 00:00:00+00:00, run_after=2026-04-05 00:00:00+00:00
[2026-04-10T19:45:51.213+0000] {processor.py:183} INFO - Processing /opt/airflow/dags/covid_pipeline_dag.py took 0.076 seconds
[2026-04-10T19:46:21.492+0000] {processor.py:161} INFO - Started process (PID=60) to work on /opt/airflow/dags/covid_pipeline_dag.py
[2026-04-10T19:46:21.493+0000] {processor.py:830} INFO - Processing file /opt/airflow/dags/covid_pipeline_dag.py for tasks to queue
[2026-04-10T19:46:21.495+0000] {logging_mixin.py:188} INFO - [2026-04-10T19:46:21.495+0000] {dagbag.py:545} INFO - Filling up the DagBag from /opt/airflow/dags/covid_pipeline_dag.py
[2026-04-10T19:46:21.513+0000] {processor.py:840} INFO - DAG(s) 'covid_pipeline' retrieved from /opt/airflow/dags/covid_pipeline_dag.py
[2026-04-10T19:46:21.552+0000] {logging_mixin.py:188} INFO - [2026-04-10T19:46:21.551+0000] {dag.py:3096} INFO - Sync 1 DAGs
[2026-04-10T19:46:21.566+0000] {logging_mixin.py:188} INFO - [2026-04-10T19:46:21.566+0000] {dag.py:3954} INFO - Setting next_dagrun for covid_pipeline to 2026-03-29 00:00:00+00:00, run_after=2026-04-05 00:00:00+00:00
[2026-04-10T19:46:21.578+0000] {processor.py:183} INFO - Processing /opt/airflow/dags/covid_pipeline_dag.py took 0.094 seconds
[2026-04-10T19:46:51.883+0000] {processor.py:161} INFO - Started process (PID=61) to work on /opt/airflow/dags/covid_pipeline_dag.py
[2026-04-10T19:46:51.885+0000] {processor.py:830} INFO - Processing file /opt/airflow/dags/covid_pipeline_dag.py for tasks to queue
[2026-04-10T19:46:51.886+0000] {logging_mixin.py:188} INFO - [2026-04-10T19:46:51.886+0000] {dagbag.py:545} INFO - Filling up the DagBag from /opt/airflow/dags/covid_pipeline_dag.py
[2026-04-10T19:46:51.900+0000] {processor.py:840} INFO - DAG(s) 'covid_pipeline' retrieved from /opt/airflow/dags/covid_pipeline_dag.py
[2026-04-10T19:46:51.922+0000] {logging_mixin.py:188} INFO - [2026-04-10T19:46:51.921+0000] {dag.py:3096} INFO - Sync 1 DAGs
[2026-04-10T19:46:51.937+0000] {logging_mixin.py:188} INFO - [2026-04-10T19:46:51.937+0000] {dag.py:3954} INFO - Setting next_dagrun for covid_pipeline to 2026-03-29 00:00:00+00:00, run_after=2026-04-05 00:00:00+00:00
[2026-04-10T19:46:51.950+0000] {processor.py:183} INFO - Processing /opt/airflow/dags/covid_pipeline_dag.py took 0.076 seconds
[2026-04-10T19:47:22.279+0000] {processor.py:161} INFO - Started process (PID=62) to work on /opt/airflow/dags/covid_pipeline_dag.py
[2026-04-10T19:47:22.281+0000] {processor.py:830} INFO - Processing file /opt/airflow/dags/covid_pipeline_dag.py for tasks to queue
[2026-04-10T19:47:22.285+0000] {logging_mixin.py:188} INFO - [2026-04-10T19:47:22.284+0000] {dagbag.py:545} INFO - Filling up the DagBag from /opt/airflow/dags/covid_pipeline_dag.py
[2026-04-10T19:47:22.311+0000] {processor.py:840} INFO - DAG(s) 'covid_pipeline' retrieved from /opt/airflow/dags/covid_pipeline_dag.py
[2026-04-10T19:47:22.347+0000] {logging_mixin.py:188} INFO - [2026-04-10T19:47:22.347+0000] {dag.py:3096} INFO - Sync 1 DAGs
[2026-04-10T19:47:22.371+0000] {logging_mixin.py:188} INFO - [2026-04-10T19:47:22.370+0000] {dag.py:3954} INFO - Setting next_dagrun for covid_pipeline to 2026-03-29 00:00:00+00:00, run_after=2026-04-05 00:00:00+00:00
[2026-04-10T19:47:22.388+0000] {processor.py:183} INFO - Processing /opt/airflow/dags/covid_pipeline_dag.py took 0.122 seconds
[2026-04-10T19:49:10.865+0000] {processor.py:161} INFO - Started process (PID=63) to work on /opt/airflow/dags/covid_pipeline_dag.py
[2026-04-10T19:49:10.866+0000] {processor.py:830} INFO - Processing file /opt/airflow/dags/covid_pipeline_dag.py for tasks to queue
[2026-04-10T19:49:10.867+0000] {logging_mixin.py:188} INFO - [2026-04-10T19:49:10.867+0000] {dagbag.py:545} INFO - Filling up the DagBag from /opt/airflow/dags/covid_pipeline_dag.py
[2026-04-10T19:49:10.878+0000] {processor.py:840} INFO - DAG(s) 'covid_pipeline' retrieved from /opt/airflow/dags/covid_pipeline_dag.py
[2026-04-10T19:49:10.901+0000] {logging_mixin.py:188} INFO - [2026-04-10T19:49:10.901+0000] {dag.py:3096} INFO - Sync 1 DAGs
[2026-04-10T19:49:10.918+0000] {logging_mixin.py:188} INFO - [2026-04-10T19:49:10.917+0000] {dag.py:3954} INFO - Setting next_dagrun for covid_pipeline to 2026-03-29 00:00:00+00:00, run_after=2026-04-05 00:00:00+00:00
[2026-04-10T19:49:10.930+0000] {processor.py:183} INFO - Processing /opt/airflow/dags/covid_pipeline_dag.py took 0.074 seconds
[2026-04-10T19:51:55.345+0000] {processor.py:161} INFO - Started process (PID=64) to work on /opt/airflow/dags/covid_pipeline_dag.py
[2026-04-10T19:51:55.346+0000] {processor.py:830} INFO - Processing file /opt/airflow/dags/covid_pipeline_dag.py for tasks to queue
[2026-04-10T19:51:55.351+0000] {logging_mixin.py:188} INFO - [2026-04-10T19:51:55.350+0000] {dagbag.py:545} INFO - Filling up the DagBag from /opt/airflow/dags/covid_pipeline_dag.py
[2026-04-10T19:51:55.381+0000] {processor.py:840} INFO - DAG(s) 'covid_pipeline' retrieved from /opt/airflow/dags/covid_pipeline_dag.py
[2026-04-10T19:51:55.429+0000] {logging_mixin.py:188} INFO - [2026-04-10T19:51:55.429+0000] {dag.py:3096} INFO - Sync 1 DAGs
[2026-04-10T19:51:55.454+0000] {logging_mixin.py:188} INFO - [2026-04-10T19:51:55.453+0000] {dag.py:3954} INFO - Setting next_dagrun for covid_pipeline to 2026-03-29 00:00:00+00:00, run_after=2026-04-05 00:00:00+00:00
[2026-04-10T19:51:55.469+0000] {processor.py:183} INFO - Processing /opt/airflow/dags/covid_pipeline_dag.py took 0.137 seconds
[2026-04-10T19:52:25.654+0000] {processor.py:161} INFO - Started process (PID=65) to work on /opt/airflow/dags/covid_pipeline_dag.py
[2026-04-10T19:52:25.656+0000] {processor.py:830} INFO - Processing file /opt/airflow/dags/covid_pipeline_dag.py for tasks to queue
[2026-04-10T19:52:25.659+0000] {logging_mixin.py:188} INFO - [2026-04-10T19:52:25.658+0000] {dagbag.py:545} INFO - Filling up the DagBag from /opt/airflow/dags/covid_pipeline_dag.py
[2026-04-10T19:52:25.674+0000] {processor.py:840} INFO - DAG(s) 'covid_pipeline' retrieved from /opt/airflow/dags/covid_pipeline_dag.py
[2026-04-10T19:52:25.698+0000] {logging_mixin.py:188} INFO - [2026-04-10T19:52:25.698+0000] {dag.py:3096} INFO - Sync 1 DAGs
[2026-04-10T19:52:25.715+0000] {logging_mixin.py:188} INFO - [2026-04-10T19:52:25.715+0000] {dag.py:3954} INFO - Setting next_dagrun for covid_pipeline to 2026-03-29 00:00:00+00:00, run_after=2026-04-05 00:00:00+00:00
[2026-04-10T19:52:25.728+0000] {processor.py:183} INFO - Processing /opt/airflow/dags/covid_pipeline_dag.py took 0.086 seconds
[2026-04-10T19:52:55.984+0000] {processor.py:161} INFO - Started process (PID=66) to work on /opt/airflow/dags/covid_pipeline_dag.py
[2026-04-10T19:52:55.987+0000] {processor.py:830} INFO - Processing file /opt/airflow/dags/covid_pipeline_dag.py for tasks to queue
[2026-04-10T19:52:55.992+0000] {logging_mixin.py:188} INFO - [2026-04-10T19:52:55.991+0000] {dagbag.py:545} INFO - Filling up the DagBag from /opt/airflow/dags/covid_pipeline_dag.py
[2026-04-10T19:52:56.013+0000] {processor.py:840} INFO - DAG(s) 'covid_pipeline' retrieved from /opt/airflow/dags/covid_pipeline_dag.py
[2026-04-10T19:52:56.057+0000] {logging_mixin.py:188} INFO - [2026-04-10T19:52:56.057+0000] {dag.py:3096} INFO - Sync 1 DAGs
[2026-04-10T19:52:56.090+0000] {logging_mixin.py:188} INFO - [2026-04-10T19:52:56.090+0000] {dag.py:3954} INFO - Setting next_dagrun for covid_pipeline to 2026-03-29 00:00:00+00:00, run_after=2026-04-05 00:00:00+00:00
[2026-04-10T19:52:56.105+0000] {processor.py:183} INFO - Processing /opt/airflow/dags/covid_pipeline_dag.py took 0.135 seconds
[2026-04-10T19:53:26.295+0000] {processor.py:161} INFO - Started process (PID=67) to work on /opt/airflow/dags/covid_pipeline_dag.py
[2026-04-10T19:53:26.296+0000] {processor.py:830} INFO - Processing file /opt/airflow/dags/covid_pipeline_dag.py for tasks to queue
[2026-04-10T19:53:26.297+0000] {logging_mixin.py:188} INFO - [2026-04-10T19:53:26.297+0000] {dagbag.py:545} INFO - Filling up the DagBag from /opt/airflow/dags/covid_pipeline_dag.py
[2026-04-10T19:53:26.308+0000] {processor.py:840} INFO - DAG(s) 'covid_pipeline' retrieved from /opt/airflow/dags/covid_pipeline_dag.py
[2026-04-10T19:53:26.330+0000] {logging_mixin.py:188} INFO - [2026-04-10T19:53:26.330+0000] {dag.py:3096} INFO - Sync 1 DAGs
[2026-04-10T19:53:26.345+0000] {logging_mixin.py:188} INFO - [2026-04-10T19:53:26.345+0000] {dag.py:3954} INFO - Setting next_dagrun for covid_pipeline to 2026-03-29 00:00:00+00:00, run_after=2026-04-05 00:00:00+00:00
[2026-04-10T19:53:26.358+0000] {processor.py:183} INFO - Processing /opt/airflow/dags/covid_pipeline_dag.py took 0.073 seconds
[2026-04-10T19:53:56.725+0000] {processor.py:161} INFO - Started process (PID=68) to work on /opt/airflow/dags/covid_pipeline_dag.py
[2026-04-10T19:53:56.726+0000] {processor.py:830} INFO - Processing file /opt/airflow/dags/covid_pipeline_dag.py for tasks to queue
[2026-04-10T19:53:56.729+0000] {logging_mixin.py:188} INFO - [2026-04-10T19:53:56.728+0000] {dagbag.py:545} INFO - Filling up the DagBag from /opt/airflow/dags/covid_pipeline_dag.py
[2026-04-10T19:53:56.743+0000] {processor.py:840} INFO - DAG(s) 'covid_pipeline' retrieved from /opt/airflow/dags/covid_pipeline_dag.py
[2026-04-10T19:53:56.765+0000] {logging_mixin.py:188} INFO - [2026-04-10T19:53:56.765+0000] {dag.py:3096} INFO - Sync 1 DAGs
[2026-04-10T19:53:56.781+0000] {logging_mixin.py:188} INFO - [2026-04-10T19:53:56.781+0000] {dag.py:3954} INFO - Setting next_dagrun for covid_pipeline to 2026-03-29 00:00:00+00:00, run_after=2026-04-05 00:00:00+00:00
[2026-04-10T19:53:56.794+0000] {processor.py:183} INFO - Processing /opt/airflow/dags/covid_pipeline_dag.py took 0.077 seconds
[2026-04-10T19:54:27.054+0000] {processor.py:161} INFO - Started process (PID=69) to work on /opt/airflow/dags/covid_pipeline_dag.py
[2026-04-10T19:54:27.055+0000] {processor.py:830} INFO - Processing file /opt/airflow/dags/covid_pipeline_dag.py for tasks to queue
[2026-04-10T19:54:27.056+0000] {logging_mixin.py:188} INFO - [2026-04-10T19:54:27.056+0000] {dagbag.py:545} INFO - Filling up the DagBag from /opt/airflow/dags/covid_pipeline_dag.py
[2026-04-10T19:54:27.066+0000] {processor.py:840} INFO - DAG(s) 'covid_pipeline' retrieved from /opt/airflow/dags/covid_pipeline_dag.py
[2026-04-10T19:54:27.087+0000] {logging_mixin.py:188} INFO - [2026-04-10T19:54:27.087+0000] {dag.py:3096} INFO - Sync 1 DAGs
[2026-04-10T19:54:27.102+0000] {logging_mixin.py:188} INFO - [2026-04-10T19:54:27.102+0000] {dag.py:3954} INFO - Setting next_dagrun for covid_pipeline to 2026-03-29 00:00:00+00:00, run_after=2026-04-05 00:00:00+00:00
[2026-04-10T19:54:27.114+0000] {processor.py:183} INFO - Processing /opt/airflow/dags/covid_pipeline_dag.py took 0.065 seconds
[2026-04-10T19:54:57.424+0000] {processor.py:161} INFO - Started process (PID=70) to work on /opt/airflow/dags/covid_pipeline_dag.py
[2026-04-10T19:54:57.426+0000] {processor.py:830} INFO - Processing file /opt/airflow/dags/covid_pipeline_dag.py for tasks to queue
[2026-04-10T19:54:57.430+0000] {logging_mixin.py:188} INFO - [2026-04-10T19:54:57.429+0000] {dagbag.py:545} INFO - Filling up the DagBag from /opt/airflow/dags/covid_pipeline_dag.py
[2026-04-10T19:54:57.463+0000] {processor.py:840} INFO - DAG(s) 'covid_pipeline' retrieved from /opt/airflow/dags/covid_pipeline_dag.py
[2026-04-10T19:54:57.514+0000] {logging_mixin.py:188} INFO - [2026-04-10T19:54:57.514+0000] {dag.py:3096} INFO - Sync 1 DAGs
[2026-04-10T19:54:57.538+0000] {logging_mixin.py:188} INFO - [2026-04-10T19:54:57.538+0000] {dag.py:3954} INFO - Setting next_dagrun for covid_pipeline to 2026-03-29 00:00:00+00:00, run_after=2026-04-05 00:00:00+00:00
[2026-04-10T19:54:57.554+0000] {processor.py:183} INFO - Processing /opt/airflow/dags/covid_pipeline_dag.py took 0.144 seconds
[2026-04-10T19:55:27.753+0000] {processor.py:161} INFO - Started process (PID=71) to work on /opt/airflow/dags/covid_pipeline_dag.py
[2026-04-10T19:55:27.754+0000] {processor.py:830} INFO - Processing file /opt/airflow/dags/covid_pipeline_dag.py for tasks to queue
[2026-04-10T19:55:27.756+0000] {logging_mixin.py:188} INFO - [2026-04-10T19:55:27.755+0000] {dagbag.py:545} INFO - Filling up the DagBag from /opt/airflow/dags/covid_pipeline_dag.py
[2026-04-10T19:55:27.768+0000] {processor.py:840} INFO - DAG(s) 'covid_pipeline' retrieved from /opt/airflow/dags/covid_pipeline_dag.py
[2026-04-10T19:55:27.792+0000] {logging_mixin.py:188} INFO - [2026-04-10T19:55:27.791+0000] {dag.py:3096} INFO - Sync 1 DAGs
[2026-04-10T19:55:27.816+0000] {logging_mixin.py:188} INFO - [2026-04-10T19:55:27.815+0000] {dag.py:3954} INFO - Setting next_dagrun for covid_pipeline to 2026-03-29 00:00:00+00:00, run_after=2026-04-05 00:00:00+00:00
[2026-04-10T19:55:27.829+0000] {processor.py:183} INFO - Processing /opt/airflow/dags/covid_pipeline_dag.py took 0.082 seconds
[2026-04-10T19:55:58.179+0000] {processor.py:161} INFO - Started process (PID=72) to work on /opt/airflow/dags/covid_pipeline_dag.py
[2026-04-10T19:55:58.181+0000] {processor.py:830} INFO - Processing file /opt/airflow/dags/covid_pipeline_dag.py for tasks to queue
[2026-04-10T19:55:58.184+0000] {logging_mixin.py:188} INFO - [2026-04-10T19:55:58.183+0000] {dagbag.py:545} INFO - Filling up the DagBag from /opt/airflow/dags/covid_pipeline_dag.py
[2026-04-10T19:55:58.205+0000] {processor.py:840} INFO - DAG(s) 'covid_pipeline' retrieved from /opt/airflow/dags/covid_pipeline_dag.py
[2026-04-10T19:55:58.247+0000] {logging_mixin.py:188} INFO - [2026-04-10T19:55:58.246+0000] {dag.py:3096} INFO - Sync 1 DAGs
[2026-04-10T19:55:58.284+0000] {logging_mixin.py:188} INFO - [2026-04-10T19:55:58.284+0000] {dag.py:3954} INFO - Setting next_dagrun for covid_pipeline to 2026-03-29 00:00:00+00:00, run_after=2026-04-05 00:00:00+00:00
[2026-04-10T19:55:58.298+0000] {processor.py:183} INFO - Processing /opt/airflow/dags/covid_pipeline_dag.py took 0.130 seconds
