[2026-04-10T19:13:28.717+0000] {manager.py:470} INFO - Processing files using up to 2 processes at a time 
[2026-04-10T19:13:28.717+0000] {manager.py:471} INFO - Process each file at most once every 30 seconds
[2026-04-10T19:13:28.717+0000] {manager.py:472} INFO - Checking for new files in /opt/airflow/dags every 300 seconds
[2026-04-10T19:13:28.718+0000] {manager.py:737} INFO - Searching for files in /opt/airflow/dags
[2026-04-10T19:13:28.719+0000] {manager.py:740} INFO - There are 1 files in /opt/airflow/dags
[2026-04-10T19:13:28.780+0000] {manager.py:878} INFO - 
================================================================================
DAG File Processing Stats

File Path                                  PID  Runtime      # DAGs    # Errors  Last Runtime    Last Run
---------------------------------------  -----  ---------  --------  ----------  --------------  ----------
/opt/airflow/dags/covid_pipeline_dag.py     24  0.03s             0           0
================================================================================
[2026-04-10T19:13:59.022+0000] {manager.py:878} INFO - 
================================================================================
DAG File Processing Stats

File Path                                  PID  Runtime      # DAGs    # Errors  Last Runtime    Last Run
---------------------------------------  -----  ---------  --------  ----------  --------------  -------------------
/opt/airflow/dags/covid_pipeline_dag.py     26  0.01s             1           0  0.10s           2026-04-10T19:13:28
================================================================================
[2026-04-10T19:14:29.225+0000] {manager.py:878} INFO - 
================================================================================
DAG File Processing Stats

File Path                                PID    Runtime      # DAGs    # Errors  Last Runtime    Last Run
---------------------------------------  -----  ---------  --------  ----------  --------------  -------------------
/opt/airflow/dags/covid_pipeline_dag.py                           1           0  0.33s           2026-04-10T19:13:59
================================================================================
[2026-04-10T19:14:59.732+0000] {manager.py:878} INFO - 
================================================================================
DAG File Processing Stats

File Path                                PID    Runtime      # DAGs    # Errors  Last Runtime    Last Run
---------------------------------------  -----  ---------  --------  ----------  --------------  -------------------
/opt/airflow/dags/covid_pipeline_dag.py                           1           0  0.18s           2026-04-10T19:14:29
================================================================================
[2026-04-10T19:15:11.901+0000] {manager.py:452} INFO - Exiting gracefully upon receiving signal 15
[2026-04-10T19:15:29.969+0000] {manager.py:470} INFO - Processing files using up to 2 processes at a time 
[2026-04-10T19:15:29.970+0000] {manager.py:471} INFO - Process each file at most once every 30 seconds
[2026-04-10T19:15:29.970+0000] {manager.py:472} INFO - Checking for new files in /opt/airflow/dags every 300 seconds
[2026-04-10T19:15:29.971+0000] {manager.py:737} INFO - Searching for files in /opt/airflow/dags
[2026-04-10T19:15:29.974+0000] {manager.py:740} INFO - There are 1 files in /opt/airflow/dags
[2026-04-10T19:15:30.087+0000] {manager.py:878} INFO - 
================================================================================
DAG File Processing Stats

File Path                                  PID  Runtime      # DAGs    # Errors  Last Runtime    Last Run
---------------------------------------  -----  ---------  --------  ----------  --------------  ----------
/opt/airflow/dags/covid_pipeline_dag.py     25  0.04s             0           0
================================================================================
[2026-04-10T19:16:00.310+0000] {manager.py:878} INFO - 
================================================================================
DAG File Processing Stats

File Path                                  PID  Runtime      # DAGs    # Errors  Last Runtime    Last Run
---------------------------------------  -----  ---------  --------  ----------  --------------  -------------------
/opt/airflow/dags/covid_pipeline_dag.py     26  0.01s             1           0  0.13s           2026-04-10T19:15:30
================================================================================
[2026-04-10T19:16:30.541+0000] {manager.py:878} INFO - 
================================================================================
DAG File Processing Stats

File Path                                PID    Runtime      # DAGs    # Errors  Last Runtime    Last Run
---------------------------------------  -----  ---------  --------  ----------  --------------  -------------------
/opt/airflow/dags/covid_pipeline_dag.py                           1           0  0.38s           2026-04-10T19:16:00
================================================================================
[2026-04-10T19:27:30.675+0000] {manager.py:470} INFO - Processing files using up to 2 processes at a time 
[2026-04-10T19:27:30.676+0000] {manager.py:471} INFO - Process each file at most once every 30 seconds
[2026-04-10T19:27:30.676+0000] {manager.py:472} INFO - Checking for new files in /opt/airflow/dags every 300 seconds
[2026-04-10T19:27:30.677+0000] {manager.py:737} INFO - Searching for files in /opt/airflow/dags
[2026-04-10T19:27:30.679+0000] {manager.py:740} INFO - There are 1 files in /opt/airflow/dags
[2026-04-10T19:27:30.736+0000] {manager.py:878} INFO - 
================================================================================
DAG File Processing Stats

File Path                                  PID  Runtime      # DAGs    # Errors  Last Runtime    Last Run
---------------------------------------  -----  ---------  --------  ----------  --------------  ----------
/opt/airflow/dags/covid_pipeline_dag.py     23  0.02s             0           0
================================================================================
[2026-04-10T19:27:43.334+0000] {manager.py:452} INFO - Exiting gracefully upon receiving signal 15
[2026-04-10T19:28:39.613+0000] {manager.py:470} INFO - Processing files using up to 2 processes at a time 
[2026-04-10T19:28:39.614+0000] {manager.py:471} INFO - Process each file at most once every 30 seconds
[2026-04-10T19:28:39.614+0000] {manager.py:472} INFO - Checking for new files in /opt/airflow/dags every 300 seconds
[2026-04-10T19:28:39.615+0000] {manager.py:737} INFO - Searching for files in /opt/airflow/dags
[2026-04-10T19:28:39.618+0000] {manager.py:740} INFO - There are 1 files in /opt/airflow/dags
[2026-04-10T19:28:39.707+0000] {manager.py:878} INFO - 
================================================================================
DAG File Processing Stats

File Path                                  PID  Runtime      # DAGs    # Errors  Last Runtime    Last Run
---------------------------------------  -----  ---------  --------  ----------  --------------  ----------
/opt/airflow/dags/covid_pipeline_dag.py     24  0.04s             0           0
================================================================================
[2026-04-10T19:29:09.915+0000] {manager.py:878} INFO - 
================================================================================
DAG File Processing Stats

File Path                                  PID  Runtime      # DAGs    # Errors  Last Runtime    Last Run
---------------------------------------  -----  ---------  --------  ----------  --------------  -------------------
/opt/airflow/dags/covid_pipeline_dag.py     26  0.00s             1           0  0.11s           2026-04-10T19:28:39
================================================================================
[2026-04-10T19:29:40.237+0000] {manager.py:878} INFO - 
================================================================================
DAG File Processing Stats

File Path                                  PID  Runtime      # DAGs    # Errors  Last Runtime    Last Run
---------------------------------------  -----  ---------  --------  ----------  --------------  -------------------
/opt/airflow/dags/covid_pipeline_dag.py     27  0.00s             1           0  0.24s           2026-04-10T19:29:10
================================================================================
[2026-04-10T19:30:10.547+0000] {manager.py:878} INFO - 
================================================================================
DAG File Processing Stats

File Path                                  PID  Runtime      # DAGs    # Errors  Last Runtime    Last Run
---------------------------------------  -----  ---------  --------  ----------  --------------  -------------------
/opt/airflow/dags/covid_pipeline_dag.py     28  0.01s             1           0  0.08s           2026-04-10T19:29:40
================================================================================
[2026-04-10T19:30:40.878+0000] {manager.py:878} INFO - 
================================================================================
DAG File Processing Stats

File Path                                  PID  Runtime      # DAGs    # Errors  Last Runtime    Last Run
---------------------------------------  -----  ---------  --------  ----------  --------------  -------------------
/opt/airflow/dags/covid_pipeline_dag.py     29  0.01s             1           0  0.09s           2026-04-10T19:30:10
================================================================================
[2026-04-10T19:31:11.189+0000] {manager.py:878} INFO - 
================================================================================
DAG File Processing Stats

File Path                                  PID  Runtime      # DAGs    # Errors  Last Runtime    Last Run
---------------------------------------  -----  ---------  --------  ----------  --------------  -------------------
/opt/airflow/dags/covid_pipeline_dag.py     30  0.00s             1           0  0.10s           2026-04-10T19:30:40
================================================================================
[2026-04-10T19:31:41.505+0000] {manager.py:878} INFO - 
================================================================================
DAG File Processing Stats

File Path                                  PID  Runtime      # DAGs    # Errors  Last Runtime    Last Run
---------------------------------------  -----  ---------  --------  ----------  --------------  -------------------
/opt/airflow/dags/covid_pipeline_dag.py     31  0.01s             1           0  0.09s           2026-04-10T19:31:11
================================================================================
[2026-04-10T19:32:11.781+0000] {manager.py:878} INFO - 
================================================================================
DAG File Processing Stats

File Path                                  PID  Runtime      # DAGs    # Errors  Last Runtime    Last Run
---------------------------------------  -----  ---------  --------  ----------  --------------  -------------------
/opt/airflow/dags/covid_pipeline_dag.py     32  0.01s             1           0  0.11s           2026-04-10T19:31:41
================================================================================
[2026-04-10T19:32:42.099+0000] {manager.py:878} INFO - 
================================================================================
DAG File Processing Stats

File Path                                  PID  Runtime      # DAGs    # Errors  Last Runtime    Last Run
---------------------------------------  -----  ---------  --------  ----------  --------------  -------------------
/opt/airflow/dags/covid_pipeline_dag.py     33  0.01s             1           0  0.09s           2026-04-10T19:32:11
================================================================================
[2026-04-10T19:33:12.456+0000] {manager.py:878} INFO - 
================================================================================
DAG File Processing Stats

File Path                                  PID  Runtime      # DAGs    # Errors  Last Runtime    Last Run
---------------------------------------  -----  ---------  --------  ----------  --------------  -------------------
/opt/airflow/dags/covid_pipeline_dag.py     34  0.01s             1           0  0.12s           2026-04-10T19:32:42
================================================================================
[2026-04-10T19:33:39.715+0000] {manager.py:737} INFO - Searching for files in /opt/airflow/dags
[2026-04-10T19:33:39.720+0000] {manager.py:740} INFO - There are 1 files in /opt/airflow/dags
[2026-04-10T19:33:42.760+0000] {manager.py:878} INFO - 
================================================================================
DAG File Processing Stats

File Path                                  PID  Runtime      # DAGs    # Errors  Last Runtime    Last Run
---------------------------------------  -----  ---------  --------  ----------  --------------  -------------------
/opt/airflow/dags/covid_pipeline_dag.py     35  0.00s             1           0  0.11s           2026-04-10T19:33:12
================================================================================
[2026-04-10T19:34:13.071+0000] {manager.py:878} INFO - 
================================================================================
DAG File Processing Stats

File Path                                  PID  Runtime      # DAGs    # Errors  Last Runtime    Last Run
---------------------------------------  -----  ---------  --------  ----------  --------------  -------------------
/opt/airflow/dags/covid_pipeline_dag.py     36  0.01s             1           0  0.09s           2026-04-10T19:33:42
================================================================================
[2026-04-10T19:34:43.367+0000] {manager.py:878} INFO - 
================================================================================
DAG File Processing Stats

File Path                                  PID  Runtime      # DAGs    # Errors  Last Runtime    Last Run
---------------------------------------  -----  ---------  --------  ----------  --------------  -------------------
/opt/airflow/dags/covid_pipeline_dag.py     37  0.01s             1           0  0.12s           2026-04-10T19:34:13
================================================================================
[2026-04-10T19:35:13.679+0000] {manager.py:878} INFO - 
================================================================================
DAG File Processing Stats

File Path                                  PID  Runtime      # DAGs    # Errors  Last Runtime    Last Run
---------------------------------------  -----  ---------  --------  ----------  --------------  -------------------
/opt/airflow/dags/covid_pipeline_dag.py     38  0.00s             1           0  0.10s           2026-04-10T19:34:43
================================================================================
[2026-04-10T19:35:44.040+0000] {manager.py:878} INFO - 
================================================================================
DAG File Processing Stats

File Path                                  PID  Runtime      # DAGs    # Errors  Last Runtime    Last Run
---------------------------------------  -----  ---------  --------  ----------  --------------  -------------------
/opt/airflow/dags/covid_pipeline_dag.py     39  0.01s             1           0  0.09s           2026-04-10T19:35:13
================================================================================
[2026-04-10T19:36:14.378+0000] {manager.py:878} INFO - 
================================================================================
DAG File Processing Stats

File Path                                  PID  Runtime      # DAGs    # Errors  Last Runtime    Last Run
---------------------------------------  -----  ---------  --------  ----------  --------------  -------------------
/opt/airflow/dags/covid_pipeline_dag.py     40  0.01s             1           0  0.10s           2026-04-10T19:35:44
================================================================================
[2026-04-10T19:36:44.723+0000] {manager.py:878} INFO - 
================================================================================
DAG File Processing Stats

File Path                                  PID  Runtime      # DAGs    # Errors  Last Runtime    Last Run
---------------------------------------  -----  ---------  --------  ----------  --------------  -------------------
/opt/airflow/dags/covid_pipeline_dag.py     41  0.01s             1           0  0.10s           2026-04-10T19:36:14
================================================================================
[2026-04-10T19:37:15.063+0000] {manager.py:878} INFO - 
================================================================================
DAG File Processing Stats

File Path                                  PID  Runtime      # DAGs    # Errors  Last Runtime    Last Run
---------------------------------------  -----  ---------  --------  ----------  --------------  -------------------
/opt/airflow/dags/covid_pipeline_dag.py     42  0.01s             1           0  0.09s           2026-04-10T19:36:44
================================================================================
[2026-04-10T19:37:45.369+0000] {manager.py:878} INFO - 
================================================================================
DAG File Processing Stats

File Path                                  PID  Runtime      # DAGs    # Errors  Last Runtime    Last Run
---------------------------------------  -----  ---------  --------  ----------  --------------  -------------------
/opt/airflow/dags/covid_pipeline_dag.py     43  0.00s             1           0  0.10s           2026-04-10T19:37:15
================================================================================
[2026-04-10T19:38:15.701+0000] {manager.py:878} INFO - 
================================================================================
DAG File Processing Stats

File Path                                  PID  Runtime      # DAGs    # Errors  Last Runtime    Last Run
---------------------------------------  -----  ---------  --------  ----------  --------------  -------------------
/opt/airflow/dags/covid_pipeline_dag.py     44  0.01s             1           0  0.08s           2026-04-10T19:37:45
================================================================================
[2026-04-10T19:38:39.944+0000] {manager.py:737} INFO - Searching for files in /opt/airflow/dags
[2026-04-10T19:38:39.952+0000] {manager.py:740} INFO - There are 1 files in /opt/airflow/dags
[2026-04-10T19:38:56.208+0000] {manager.py:878} INFO - 
================================================================================
DAG File Processing Stats

File Path                                PID    Runtime      # DAGs    # Errors  Last Runtime    Last Run
---------------------------------------  -----  ---------  --------  ----------  --------------  -------------------
/opt/airflow/dags/covid_pipeline_dag.py                           1           0  0.13s           2026-04-10T19:38:46
================================================================================
[2026-04-10T19:39:26.560+0000] {manager.py:878} INFO - 
================================================================================
DAG File Processing Stats

File Path                                PID    Runtime      # DAGs    # Errors  Last Runtime    Last Run
---------------------------------------  -----  ---------  --------  ----------  --------------  -------------------
/opt/airflow/dags/covid_pipeline_dag.py                           1           0  0.14s           2026-04-10T19:39:16
================================================================================
[2026-04-10T19:39:56.951+0000] {manager.py:878} INFO - 
================================================================================
DAG File Processing Stats

File Path                                PID    Runtime      # DAGs    # Errors  Last Runtime    Last Run
---------------------------------------  -----  ---------  --------  ----------  --------------  -------------------
/opt/airflow/dags/covid_pipeline_dag.py                           1           0  0.10s           2026-04-10T19:39:46
================================================================================
[2026-04-10T19:40:27.299+0000] {manager.py:878} INFO - 
================================================================================
DAG File Processing Stats

File Path                                PID    Runtime      # DAGs    # Errors  Last Runtime    Last Run
---------------------------------------  -----  ---------  --------  ----------  --------------  -------------------
/opt/airflow/dags/covid_pipeline_dag.py                           1           0  0.10s           2026-04-10T19:40:17
================================================================================
[2026-04-10T19:40:57.666+0000] {manager.py:878} INFO - 
================================================================================
DAG File Processing Stats

File Path                                PID    Runtime      # DAGs    # Errors  Last Runtime    Last Run
---------------------------------------  -----  ---------  --------  ----------  --------------  -------------------
/opt/airflow/dags/covid_pipeline_dag.py                           1           0  0.10s           2026-04-10T19:40:47
================================================================================
[2026-04-10T19:41:28.037+0000] {manager.py:878} INFO - 
================================================================================
DAG File Processing Stats

File Path                                PID    Runtime      # DAGs    # Errors  Last Runtime    Last Run
---------------------------------------  -----  ---------  --------  ----------  --------------  -------------------
/opt/airflow/dags/covid_pipeline_dag.py                           1           0  0.09s           2026-04-10T19:41:18
================================================================================
[2026-04-10T19:41:58.354+0000] {manager.py:878} INFO - 
================================================================================
DAG File Processing Stats

File Path                                PID    Runtime      # DAGs    # Errors  Last Runtime    Last Run
---------------------------------------  -----  ---------  --------  ----------  --------------  -------------------
/opt/airflow/dags/covid_pipeline_dag.py                           1           0  0.10s           2026-04-10T19:41:48
================================================================================
[2026-04-10T19:42:28.752+0000] {manager.py:878} INFO - 
================================================================================
DAG File Processing Stats

File Path                                PID    Runtime      # DAGs    # Errors  Last Runtime    Last Run
---------------------------------------  -----  ---------  --------  ----------  --------------  -------------------
/opt/airflow/dags/covid_pipeline_dag.py                           1           0  0.10s           2026-04-10T19:42:18
================================================================================
[2026-04-10T19:42:59.119+0000] {manager.py:878} INFO - 
================================================================================
DAG File Processing Stats

File Path                                PID    Runtime      # DAGs    # Errors  Last Runtime    Last Run
---------------------------------------  -----  ---------  --------  ----------  --------------  -------------------
/opt/airflow/dags/covid_pipeline_dag.py                           1           0  0.12s           2026-04-10T19:42:49
================================================================================
[2026-04-10T19:43:29.434+0000] {manager.py:878} INFO - 
================================================================================
DAG File Processing Stats

File Path                                PID    Runtime      # DAGs    # Errors  Last Runtime    Last Run
---------------------------------------  -----  ---------  --------  ----------  --------------  -------------------
/opt/airflow/dags/covid_pipeline_dag.py                           1           0  0.12s           2026-04-10T19:43:19
================================================================================
[2026-04-10T19:43:40.557+0000] {manager.py:737} INFO - Searching for files in /opt/airflow/dags
[2026-04-10T19:43:40.564+0000] {manager.py:740} INFO - There are 1 files in /opt/airflow/dags
[2026-04-10T19:43:59.793+0000] {manager.py:878} INFO - 
================================================================================
DAG File Processing Stats

File Path                                PID    Runtime      # DAGs    # Errors  Last Runtime    Last Run
---------------------------------------  -----  ---------  --------  ----------  --------------  -------------------
/opt/airflow/dags/covid_pipeline_dag.py                           1           0  0.10s           2026-04-10T19:43:49
================================================================================
[2026-04-10T19:44:30.150+0000] {manager.py:878} INFO - 
================================================================================
DAG File Processing Stats

File Path                                PID    Runtime      # DAGs    # Errors  Last Runtime    Last Run
---------------------------------------  -----  ---------  --------  ----------  --------------  -------------------
/opt/airflow/dags/covid_pipeline_dag.py                           1           0  0.12s           2026-04-10T19:44:20
================================================================================
[2026-04-10T19:45:00.516+0000] {manager.py:878} INFO - 
================================================================================
DAG File Processing Stats

File Path                                PID    Runtime      # DAGs    # Errors  Last Runtime    Last Run
---------------------------------------  -----  ---------  --------  ----------  --------------  -------------------
/opt/airflow/dags/covid_pipeline_dag.py                           1           0  0.10s           2026-04-10T19:44:50
================================================================================
[2026-04-10T19:45:30.883+0000] {manager.py:878} INFO - 
================================================================================
DAG File Processing Stats

File Path                                PID    Runtime      # DAGs    # Errors  Last Runtime    Last Run
---------------------------------------  -----  ---------  --------  ----------  --------------  -------------------
/opt/airflow/dags/covid_pipeline_dag.py                           1           0  0.11s           2026-04-10T19:45:20
================================================================================
[2026-04-10T19:46:01.249+0000] {manager.py:878} INFO - 
================================================================================
DAG File Processing Stats

File Path                                PID    Runtime      # DAGs    # Errors  Last Runtime    Last Run
---------------------------------------  -----  ---------  --------  ----------  --------------  -------------------
/opt/airflow/dags/covid_pipeline_dag.py                           1           0  0.09s           2026-04-10T19:45:51
================================================================================
[2026-04-10T19:46:31.616+0000] {manager.py:878} INFO - 
================================================================================
DAG File Processing Stats

File Path                                PID    Runtime      # DAGs    # Errors  Last Runtime    Last Run
---------------------------------------  -----  ---------  --------  ----------  --------------  -------------------
/opt/airflow/dags/covid_pipeline_dag.py                           1           0  0.11s           2026-04-10T19:46:21
================================================================================
[2026-04-10T19:47:01.976+0000] {manager.py:878} INFO - 
================================================================================
DAG File Processing Stats

File Path                                PID    Runtime      # DAGs    # Errors  Last Runtime    Last Run
---------------------------------------  -----  ---------  --------  ----------  --------------  -------------------
/opt/airflow/dags/covid_pipeline_dag.py                           1           0  0.10s           2026-04-10T19:46:51
================================================================================
[2026-04-10T19:47:32.401+0000] {manager.py:878} INFO - 
================================================================================
DAG File Processing Stats

File Path                                PID    Runtime      # DAGs    # Errors  Last Runtime    Last Run
---------------------------------------  -----  ---------  --------  ----------  --------------  -------------------
/opt/airflow/dags/covid_pipeline_dag.py                           1           0  0.15s           2026-04-10T19:47:22
================================================================================
[2026-04-10T19:49:10.820+0000] {manager.py:737} INFO - Searching for files in /opt/airflow/dags
[2026-04-10T19:49:10.828+0000] {manager.py:740} INFO - There are 1 files in /opt/airflow/dags
[2026-04-10T19:49:39.618+0000] {manager.py:878} INFO - 
================================================================================
DAG File Processing Stats

File Path                                PID    Runtime      # DAGs    # Errors  Last Runtime    Last Run
---------------------------------------  -----  ---------  --------  ----------  --------------  -------------------
/opt/airflow/dags/covid_pipeline_dag.py                           1           0  0.09s           2026-04-10T19:49:10
================================================================================
[2026-04-10T19:52:24.617+0000] {manager.py:878} INFO - 
================================================================================
DAG File Processing Stats

File Path                                PID    Runtime      # DAGs    # Errors  Last Runtime    Last Run
---------------------------------------  -----  ---------  --------  ----------  --------------  -------------------
/opt/airflow/dags/covid_pipeline_dag.py                           1           0  0.19s           2026-04-10T19:51:55
================================================================================
[2026-04-10T19:52:54.917+0000] {manager.py:878} INFO - 
================================================================================
DAG File Processing Stats

File Path                                PID    Runtime      # DAGs    # Errors  Last Runtime    Last Run
---------------------------------------  -----  ---------  --------  ----------  --------------  -------------------
/opt/airflow/dags/covid_pipeline_dag.py                           1           0  0.10s           2026-04-10T19:52:25
================================================================================
[2026-04-10T19:53:25.256+0000] {manager.py:878} INFO - 
================================================================================
DAG File Processing Stats

File Path                                PID    Runtime      # DAGs    # Errors  Last Runtime    Last Run
---------------------------------------  -----  ---------  --------  ----------  --------------  -------------------
/opt/airflow/dags/covid_pipeline_dag.py                           1           0  0.16s           2026-04-10T19:52:56
================================================================================
[2026-04-10T19:53:55.677+0000] {manager.py:878} INFO - 
================================================================================
DAG File Processing Stats

File Path                                PID    Runtime      # DAGs    # Errors  Last Runtime    Last Run
---------------------------------------  -----  ---------  --------  ----------  --------------  -------------------
/opt/airflow/dags/covid_pipeline_dag.py                           1           0  0.09s           2026-04-10T19:53:26
================================================================================
[2026-04-10T19:54:10.863+0000] {manager.py:737} INFO - Searching for files in /opt/airflow/dags
[2026-04-10T19:54:10.871+0000] {manager.py:740} INFO - There are 1 files in /opt/airflow/dags
[2026-04-10T19:54:26.033+0000] {manager.py:878} INFO - 
================================================================================
DAG File Processing Stats

File Path                                PID    Runtime      # DAGs    # Errors  Last Runtime    Last Run
---------------------------------------  -----  ---------  --------  ----------  --------------  -------------------
/opt/airflow/dags/covid_pipeline_dag.py                           1           0  0.10s           2026-04-10T19:53:56
================================================================================
[2026-04-10T19:54:56.339+0000] {manager.py:878} INFO - 
================================================================================
DAG File Processing Stats

File Path                                PID    Runtime      # DAGs    # Errors  Last Runtime    Last Run
---------------------------------------  -----  ---------  --------  ----------  --------------  -------------------
/opt/airflow/dags/covid_pipeline_dag.py                           1           0  0.08s           2026-04-10T19:54:27
================================================================================
[2026-04-10T19:55:26.718+0000] {manager.py:878} INFO - 
================================================================================
DAG File Processing Stats

File Path                                PID    Runtime      # DAGs    # Errors  Last Runtime    Last Run
---------------------------------------  -----  ---------  --------  ----------  --------------  -------------------
/opt/airflow/dags/covid_pipeline_dag.py                           1           0  0.19s           2026-04-10T19:54:57
================================================================================
[2026-04-10T19:55:57.128+0000] {manager.py:878} INFO - 
================================================================================
DAG File Processing Stats

File Path                                PID    Runtime      # DAGs    # Errors  Last Runtime    Last Run
---------------------------------------  -----  ---------  --------  ----------  --------------  -------------------
/opt/airflow/dags/covid_pipeline_dag.py                           1           0  0.10s           2026-04-10T19:55:27
================================================================================
[2026-04-10T19:56:02.705+0000] {manager.py:452} INFO - Exiting gracefully upon receiving signal 15
